{
  "exclude": {
    "files": null,
    "lines": null
  },
  "generated_at": "2025-08-05T03:57:44Z",
  "plugins_used": [
    {
      "name": "AWSKeyDetector"
    },
    {
      "name": "ArtifactoryDetector"
    },
    {
      "name": "AzureStorageKeyDetector"
    },
    {
      "base64_limit": 4.5,
      "name": "Base64HighEntropyString"
    },
    {
      "name": "BasicAuthDetector"
    },
    {
      "name": "BoxDetector"
    },
    {
      "name": "CloudantDetector"
    },
    {
      "ghe_instance": "github.ibm.com",
      "name": "GheDetector"
    },
    {
      "name": "GitHubTokenDetector"
    },
    {
      "hex_limit": 3,
      "name": "HexHighEntropyString"
    },
    {
      "name": "IbmCloudIamDetector"
    },
    {
      "name": "IbmCosHmacDetector"
    },
    {
      "name": "JwtTokenDetector"
    },
    {
      "keyword_exclude": null,
      "name": "KeywordDetector"
    },
    {
      "name": "MailchimpDetector"
    },
    {
      "name": "NpmDetector"
    },
    {
      "name": "PrivateKeyDetector"
    },
    {
      "name": "SlackDetector"
    },
    {
      "name": "SoftlayerDetector"
    },
    {
      "name": "SquareOAuthDetector"
    },
    {
      "name": "StripeDetector"
    },
    {
      "name": "TwilioKeyDetector"
    }
  ],
  "results": {
    "README.md": [
      {
        "hashed_secret": "bcf22dfc6fb76b7366b1f1675baf2332a0e6a7ce",
        "is_verified": false,
        "line_number": 385,
        "type": "Secret Keyword",
        "verified_result": null
      }
    ],
    "chroes_output/ruff_output.txt": [
      {
        "hashed_secret": "895af4dc25a3d4a1290da25d11a7575c1d869bfb",
        "is_verified": false,
        "line_number": 43,
        "type": "Secret Keyword",
        "verified_result": null
      }
    ],
    "docs/api/index.md": [
      {
        "hashed_secret": "a020ef6cec62a1a966a2656d757bda008f883dc0",
        "is_verified": false,
        "line_number": 25,
        "type": "Secret Keyword",
        "verified_result": null
      }
    ],
    "docs/config_manager_dd.md": [
      {
        "hashed_secret": "05672043f03564fec5403ccfc5a42d2dfc4b5300",
        "is_verified": false,
        "line_number": 149,
        "type": "Secret Keyword",
        "verified_result": null
      },
      {
        "hashed_secret": "7e0e93da4b19a86125b157a3c94965fb7f587c3e",
        "is_verified": false,
        "line_number": 267,
        "type": "Secret Keyword",
        "verified_result": null
      },
      {
        "hashed_secret": "b732fb611fd46a38e8667f9972e0cde777fbe37f",
        "is_verified": false,
        "line_number": 273,
        "type": "Secret Keyword",
        "verified_result": null
      }
    ],
    "docs/examples/index.md": [
      {
        "hashed_secret": "11fa7c37d697f30e6aee828b4426a10f83ab2380",
        "is_verified": false,
        "line_number": 38,
        "type": "Secret Keyword",
        "verified_result": null
      },
      {
        "hashed_secret": "bcf22dfc6fb76b7366b1f1675baf2332a0e6a7ce",
        "is_verified": false,
        "line_number": 89,
        "type": "Secret Keyword",
        "verified_result": null
      },
      {
        "hashed_secret": "c303df00cd0a72b21c62900b758b06fc541664ce",
        "is_verified": false,
        "line_number": 171,
        "type": "Secret Keyword",
        "verified_result": null
      },
      {
        "hashed_secret": "6598a16acdbef4df557cacd018d4c48ba0e91178",
        "is_verified": false,
        "line_number": 193,
        "type": "Secret Keyword",
        "verified_result": null
      }
    ],
    "docs/guide/authentication.md": [
      {
        "hashed_secret": "cf4a956e75901c220c0f5fbaec41987fc6177345",
        "is_verified": false,
        "line_number": 51,
        "type": "Secret Keyword",
        "verified_result": null
      },
      {
        "hashed_secret": "0d1ba0da3e84e54f29846c93c43182eede365858",
        "is_verified": false,
        "line_number": 73,
        "type": "Secret Keyword",
        "verified_result": null
      },
      {
        "hashed_secret": "2d24fd8e787feb155429b73dd51f9d23574d4162",
        "is_verified": false,
        "line_number": 178,
        "type": "Secret Keyword",
        "verified_result": null
      },
      {
        "hashed_secret": "564e340cd48437d2dfe876ee154cc99dc4d0d137",
        "is_verified": false,
        "line_number": 197,
        "type": "Secret Keyword",
        "verified_result": null
      },
      {
        "hashed_secret": "0d9db705938d0afd5815d7856f5b0bd42cbaa9cf",
        "is_verified": false,
        "line_number": 367,
        "type": "Secret Keyword",
        "verified_result": null
      },
      {
        "hashed_secret": "ddf0e1b250eff2e7c2af4a9588d591b27303c508",
        "is_verified": false,
        "line_number": 408,
        "type": "Secret Keyword",
        "verified_result": null
      },
      {
        "hashed_secret": "1f76d06fe98f4bd5cbf1f7ca3b829e3e3d28a260",
        "is_verified": false,
        "line_number": 460,
        "type": "Secret Keyword",
        "verified_result": null
      }
    ],
    "docs/guide/configuration.md": [
      {
        "hashed_secret": "6d9c68c603e465077bdd49c62347fe54717f83a3",
        "is_verified": false,
        "line_number": 141,
        "type": "Secret Keyword",
        "verified_result": null
      },
      {
        "hashed_secret": "c303df00cd0a72b21c62900b758b06fc541664ce",
        "is_verified": false,
        "line_number": 279,
        "type": "Secret Keyword",
        "verified_result": null
      },
      {
        "hashed_secret": "ac371b6dcce28a86c90d12bc57d946a800eebf17",
        "is_verified": false,
        "line_number": 294,
        "type": "Secret Keyword",
        "verified_result": null
      },
      {
        "hashed_secret": "11fa7c37d697f30e6aee828b4426a10f83ab2380",
        "is_verified": false,
        "line_number": 425,
        "type": "Secret Keyword",
        "verified_result": null
      }
    ],
    "docs/guide/index.md": [
      {
        "hashed_secret": "8318df9ecda039deac9868adf1944a29a95c7114",
        "is_verified": false,
        "line_number": 194,
        "type": "Secret Keyword",
        "verified_result": null
      },
      {
        "hashed_secret": "e9e7c20cb4ce08767256cbef86437e4561b54799",
        "is_verified": false,
        "line_number": 217,
        "type": "Secret Keyword",
        "verified_result": null
      },
      {
        "hashed_secret": "1f76d06fe98f4bd5cbf1f7ca3b829e3e3d28a260",
        "is_verified": false,
        "line_number": 231,
        "type": "Secret Keyword",
        "verified_result": null
      },
      {
        "hashed_secret": "a62f2225bf70bfaccbc7f1ef2a397836717377de",
        "is_verified": false,
        "line_number": 301,
        "type": "Secret Keyword",
        "verified_result": null
      }
    ],
    "docs/guide/langflow-integration.md": [
      {
        "hashed_secret": "37bded2b02223bfb8aca79d8d1521140b3bfb0b6",
        "is_verified": false,
        "line_number": 94,
        "type": "Secret Keyword",
        "verified_result": null
      }
    ],
    "docs/guide/quick-start.md": [
      {
        "hashed_secret": "610c6fbf7bf961f65b1086a45f6717b3b521ed77",
        "is_verified": false,
        "line_number": 244,
        "type": "Secret Keyword",
        "verified_result": null
      }
    ],
    "docs/guide/server-management.md": [
      {
        "hashed_secret": "9ad19750930e5cf133e024641c00daf5fc90c700",
        "is_verified": false,
        "line_number": 128,
        "type": "Secret Keyword",
        "verified_result": null
      },
      {
        "hashed_secret": "89a6cfe2a229151e8055abee107d45ed087bbb4f",
        "is_verified": false,
        "line_number": 572,
        "type": "Secret Keyword",
        "verified_result": null
      },
      {
        "hashed_secret": "564e340cd48437d2dfe876ee154cc99dc4d0d137",
        "is_verified": false,
        "line_number": 583,
        "type": "Secret Keyword",
        "verified_result": null
      },
      {
        "hashed_secret": "d4c3d66fd0c38547a3c7a4c6bdc29c36911bc030",
        "is_verified": false,
        "line_number": 631,
        "type": "Secret Keyword",
        "verified_result": null
      },
      {
        "hashed_secret": "1f76d06fe98f4bd5cbf1f7ca3b829e3e3d28a260",
        "is_verified": false,
        "line_number": 683,
        "type": "Secret Keyword",
        "verified_result": null
      }
    ],
    "docs/guide/tool-management.md": [
      {
        "hashed_secret": "bcf22dfc6fb76b7366b1f1675baf2332a0e6a7ce",
        "is_verified": false,
        "line_number": 159,
        "type": "Secret Keyword",
        "verified_result": null
      }
    ],
    "docs/guide/use-with-claude.md": [
      {
        "hashed_secret": "bbc4e9d52252171a3a306be55086c65b126189e8",
        "is_verified": false,
        "line_number": 111,
        "type": "Secret Keyword",
        "verified_result": null
      }
    ],
    "docs/package-lock.json": [
      {
        "hashed_secret": "85bbffd0f847ae1e8171fa0b8661ac0b2eee10d4",
        "is_verified": false,
        "line_number": 19,
        "type": "Base64 High Entropy String",
        "verified_result": null
      },
      {
        "hashed_secret": "0027d3159c58c7020d2b47ba43c7de29f3243c3e",
        "is_verified": false,
        "line_number": 35,
        "type": "Base64 High Entropy String",
        "verified_result": null
      },
      {
        "hashed_secret": "a982c2b7d30436208fc1d43841139a104ecf8c73",
        "is_verified": false,
        "line_number": 46,
        "type": "Base64 High Entropy String",
        "verified_result": null
      },
      {
        "hashed_secret": "4ea217579a1959d61a076d85b8fcb2f1cf596062",
        "is_verified": false,
        "line_number": 59,
        "type": "Base64 High Entropy String",
        "verified_result": null
      },
      {
        "hashed_secret": "849523c6be9e0eec35d0748ccd7e4bb8a2d46605",
        "is_verified": false,
        "line_number": 73,
        "type": "Base64 High Entropy String",
        "verified_result": null
      },
      {
        "hashed_secret": "251870bd7432cb198fd0cfcd5304b7caed577966",
        "is_verified": false,
        "line_number": 84,
        "type": "Base64 High Entropy String",
        "verified_result": null
      },
      {
        "hashed_secret": "70c14e350f4c7dd10b943ceaa1b91a5f4b6d24b4",
        "is_verified": false,
        "line_number": 100,
        "type": "Base64 High Entropy String",
        "verified_result": null
      },
      {
        "hashed_secret": "884019bb4ccbb5e4373d83b25d31963c200b9a8b",
        "is_verified": false,
        "line_number": 116,
        "type": "Base64 High Entropy String",
        "verified_result": null
      },
      {
        "hashed_secret": "c1be72fb7a6a2fe0d9f4a73aa4fc70a293e67c57",
        "is_verified": false,
        "line_number": 126,
        "type": "Base64 High Entropy String",
        "verified_result": null
      },
      {
        "hashed_secret": "b1737af2a97f175c65c6daaf25b1fbbdf859a4f5",
        "is_verified": false,
        "line_number": 142,
        "type": "Base64 High Entropy String",
        "verified_result": null
      },
      {
        "hashed_secret": "7f5f7a15cd5e8e755c705bfc538ee1c3778297ba",
        "is_verified": false,
        "line_number": 158,
        "type": "Base64 High Entropy String",
        "verified_result": null
      },
      {
        "hashed_secret": "f864693f4e8d78589819684096cf1a6d76a9b65a",
        "is_verified": false,
        "line_number": 174,
        "type": "Base64 High Entropy String",
        "verified_result": null
      },
      {
        "hashed_secret": "4b311cbfeda60998e48cd838dfc0ca7282fb6cd8",
        "is_verified": false,
        "line_number": 190,
        "type": "Base64 High Entropy String",
        "verified_result": null
      },
      {
        "hashed_secret": "45289f2da56457476ac4287c8b26c76d88457409",
        "is_verified": false,
        "line_number": 206,
        "type": "Base64 High Entropy String",
        "verified_result": null
      },
      {
        "hashed_secret": "dc1c12fd31d8dc42dd5d57cb06fea19a8fe556cc",
        "is_verified": false,
        "line_number": 222,
        "type": "Base64 High Entropy String",
        "verified_result": null
      },
      {
        "hashed_secret": "7c3130a3377dbb9e2bea64bc4b6726af3b70cdd7",
        "is_verified": false,
        "line_number": 238,
        "type": "Base64 High Entropy String",
        "verified_result": null
      },
      {
        "hashed_secret": "ecdff764893d58d128f5e8711ecdb1f554c0a672",
        "is_verified": false,
        "line_number": 251,
        "type": "Base64 High Entropy String",
        "verified_result": null
      },
      {
        "hashed_secret": "45fb353f05ef2d0d86f0df77265332b6e607a10e",
        "is_verified": false,
        "line_number": 264,
        "type": "Base64 High Entropy String",
        "verified_result": null
      },
      {
        "hashed_secret": "69ae37e0133456d2c3fbfd903c273bf1372267e0",
        "is_verified": false,
        "line_number": 277,
        "type": "Base64 High Entropy String",
        "verified_result": null
      },
      {
        "hashed_secret": "a7b871acc680c152b878c2eec8c70f3ba930d940",
        "is_verified": false,
        "line_number": 291,
        "type": "Base64 High Entropy String",
        "verified_result": null
      },
      {
        "hashed_secret": "8319864fae2ce720a9588f890930b4dd3f736a4f",
        "is_verified": false,
        "line_number": 301,
        "type": "Base64 High Entropy String",
        "verified_result": null
      },
      {
        "hashed_secret": "3e2a4d1a24c1c4aac8dc6ee6056c8a135c8db64a",
        "is_verified": false,
        "line_number": 311,
        "type": "Base64 High Entropy String",
        "verified_result": null
      },
      {
        "hashed_secret": "1c3a7f27f2982b4b49af480f5b93a75635d1083e",
        "is_verified": false,
        "line_number": 321,
        "type": "Base64 High Entropy String",
        "verified_result": null
      },
      {
        "hashed_secret": "ae8128083d530a2741ac90f2913603cb64df86db",
        "is_verified": false,
        "line_number": 337,
        "type": "Base64 High Entropy String",
        "verified_result": null
      },
      {
        "hashed_secret": "3942b0ee3200c0c70746db896347c9f1c86795ee",
        "is_verified": false,
        "line_number": 351,
        "type": "Base64 High Entropy String",
        "verified_result": null
      },
      {
        "hashed_secret": "f14ba07acf972f2b7095f1814fc1596e605878a4",
        "is_verified": false,
        "line_number": 358,
        "type": "Base64 High Entropy String",
        "verified_result": null
      },
      {
        "hashed_secret": "4d2a9fe8166ba36c28dbe2172304f097713f9f4b",
        "is_verified": false,
        "line_number": 370,
        "type": "Base64 High Entropy String",
        "verified_result": null
      },
      {
        "hashed_secret": "f97e027840e6148350273c88efef7e8b5d1cf5bc",
        "is_verified": false,
        "line_number": 381,
        "type": "Base64 High Entropy String",
        "verified_result": null
      },
      {
        "hashed_secret": "69a078d0c8d430cbbb7fc4c42f598e5e98ee5c5d",
        "is_verified": false,
        "line_number": 388,
        "type": "Base64 High Entropy String",
        "verified_result": null
      },
      {
        "hashed_secret": "854ad107863bc6fe3bfc0508180a26191b1c0a2d",
        "is_verified": false,
        "line_number": 395,
        "type": "Base64 High Entropy String",
        "verified_result": null
      },
      {
        "hashed_secret": "cdc21d7471d8bcc6c6d9d718bae8cd38039c87ff",
        "is_verified": false,
        "line_number": 402,
        "type": "Base64 High Entropy String",
        "verified_result": null
      },
      {
        "hashed_secret": "fc3c218efb5f6ef50420243376b9446ffe3293fc",
        "is_verified": false,
        "line_number": 409,
        "type": "Base64 High Entropy String",
        "verified_result": null
      },
      {
        "hashed_secret": "aab640c18c193dc2107d9cfd53244a8e446dec0d",
        "is_verified": false,
        "line_number": 420,
        "type": "Base64 High Entropy String",
        "verified_result": null
      },
      {
        "hashed_secret": "ba92041b8b57e5f3f7cfda01eca4eb5f863d8230",
        "is_verified": false,
        "line_number": 453,
        "type": "Base64 High Entropy String",
        "verified_result": null
      },
      {
        "hashed_secret": "5cab2cbf14962ddc1d6ed2bfe25898fe4c36dec1",
        "is_verified": false,
        "line_number": 470,
        "type": "Base64 High Entropy String",
        "verified_result": null
      },
      {
        "hashed_secret": "7543ee65aa0a02783414e8a1dbd3d18c0c3123cc",
        "is_verified": false,
        "line_number": 487,
        "type": "Base64 High Entropy String",
        "verified_result": null
      },
      {
        "hashed_secret": "b3ffc344491402f73ea16b1b8718e18833050114",
        "is_verified": false,
        "line_number": 504,
        "type": "Base64 High Entropy String",
        "verified_result": null
      },
      {
        "hashed_secret": "06c952d11f13461da10c7bba057d78cc5fa5e6fb",
        "is_verified": false,
        "line_number": 521,
        "type": "Base64 High Entropy String",
        "verified_result": null
      },
      {
        "hashed_secret": "c2ea7b0b8f40b08e1b89209f677ff5d6a719b60a",
        "is_verified": false,
        "line_number": 538,
        "type": "Base64 High Entropy String",
        "verified_result": null
      },
      {
        "hashed_secret": "8816a15bd9ad8879b3f1823b94fb7c46dd643f17",
        "is_verified": false,
        "line_number": 555,
        "type": "Base64 High Entropy String",
        "verified_result": null
      },
      {
        "hashed_secret": "9836b23edc498bf0925d3e560f0684f6ec75bb9a",
        "is_verified": false,
        "line_number": 572,
        "type": "Base64 High Entropy String",
        "verified_result": null
      },
      {
        "hashed_secret": "3e9fc60c601cab29ea7878a0c9688fb6ee925cf9",
        "is_verified": false,
        "line_number": 589,
        "type": "Base64 High Entropy String",
        "verified_result": null
      },
      {
        "hashed_secret": "f42b2f70ce99e343a262e45315a2c4d27daba270",
        "is_verified": false,
        "line_number": 606,
        "type": "Base64 High Entropy String",
        "verified_result": null
      },
      {
        "hashed_secret": "6b1f54e31a53e3667a97cf3af18a66d1cedec7b8",
        "is_verified": false,
        "line_number": 623,
        "type": "Base64 High Entropy String",
        "verified_result": null
      },
      {
        "hashed_secret": "efbe56870cd191d53ef1e6ac6d40ed5eb4cd01c0",
        "is_verified": false,
        "line_number": 640,
        "type": "Base64 High Entropy String",
        "verified_result": null
      },
      {
        "hashed_secret": "fefbbc2958b5d0546d6507d1aad9bead9ef7e9eb",
        "is_verified": false,
        "line_number": 657,
        "type": "Base64 High Entropy String",
        "verified_result": null
      },
      {
        "hashed_secret": "489f7d6ea770d41978c763f306e573aa9c086e3b",
        "is_verified": false,
        "line_number": 674,
        "type": "Base64 High Entropy String",
        "verified_result": null
      },
      {
        "hashed_secret": "84e33cad738a516642e9e4e00c9910ada2755eb8",
        "is_verified": false,
        "line_number": 691,
        "type": "Base64 High Entropy String",
        "verified_result": null
      },
      {
        "hashed_secret": "0329358e1442ae9c1dd0cfa7884c4cc51c123c7d",
        "is_verified": false,
        "line_number": 708,
        "type": "Base64 High Entropy String",
        "verified_result": null
      },
      {
        "hashed_secret": "5520077e071061b96b1bd30a351f2bb3a52cac50",
        "is_verified": false,
        "line_number": 725,
        "type": "Base64 High Entropy String",
        "verified_result": null
      },
      {
        "hashed_secret": "5fd94d7bc55b700838f7232aa04cd14ce8883702",
        "is_verified": false,
        "line_number": 742,
        "type": "Base64 High Entropy String",
        "verified_result": null
      },
      {
        "hashed_secret": "8c94dfd0dbadd0e968f0e9e175bf5bb4fd2594c0",
        "is_verified": false,
        "line_number": 759,
        "type": "Base64 High Entropy String",
        "verified_result": null
      },
      {
        "hashed_secret": "38e7a2d417fe20d4760873aa7ad041fa74821645",
        "is_verified": false,
        "line_number": 776,
        "type": "Base64 High Entropy String",
        "verified_result": null
      },
      {
        "hashed_secret": "2a46cf814514d8cf3a189ce88b22d30c24baf70a",
        "is_verified": false,
        "line_number": 793,
        "type": "Base64 High Entropy String",
        "verified_result": null
      },
      {
        "hashed_secret": "f13e357a26f9e2972019db90dd8ceb867b494f9c",
        "is_verified": false,
        "line_number": 810,
        "type": "Base64 High Entropy String",
        "verified_result": null
      },
      {
        "hashed_secret": "35ecb49473bd3c2a84f86fcae2c69e255bdcd843",
        "is_verified": false,
        "line_number": 827,
        "type": "Base64 High Entropy String",
        "verified_result": null
      },
      {
        "hashed_secret": "c37cbc7348338bdd1d6af81ea47ce777656dc44f",
        "is_verified": false,
        "line_number": 844,
        "type": "Base64 High Entropy String",
        "verified_result": null
      },
      {
        "hashed_secret": "e0d5107e832ed2eed26116dafb2f5c5f977e1341",
        "is_verified": false,
        "line_number": 854,
        "type": "Base64 High Entropy String",
        "verified_result": null
      },
      {
        "hashed_secret": "253b924c083456ec15425828a07ddffe4df52715",
        "is_verified": false,
        "line_number": 861,
        "type": "Base64 High Entropy String",
        "verified_result": null
      },
      {
        "hashed_secret": "5a3d24ddb9a57291642d9f14b359aa07d1576b70",
        "is_verified": false,
        "line_number": 878,
        "type": "Base64 High Entropy String",
        "verified_result": null
      },
      {
        "hashed_secret": "451a3824341cf6a60d2c3e40f964ba005a910f1b",
        "is_verified": false,
        "line_number": 885,
        "type": "Base64 High Entropy String",
        "verified_result": null
      },
      {
        "hashed_secret": "15b2f35b4b563046d3b4d58f44f4bc717e6a3ac2",
        "is_verified": false,
        "line_number": 902,
        "type": "Base64 High Entropy String",
        "verified_result": null
      },
      {
        "hashed_secret": "83adeea1c266db7ff4eab5fb4e3ed4a3a6d9f33a",
        "is_verified": false,
        "line_number": 910,
        "type": "Base64 High Entropy String",
        "verified_result": null
      },
      {
        "hashed_secret": "7e4a7e260389dfb3819a58b9a1f17c26cf1d805e",
        "is_verified": false,
        "line_number": 920,
        "type": "Base64 High Entropy String",
        "verified_result": null
      },
      {
        "hashed_secret": "97c1c8d9f770322c932726532052ccb6f6f68c7f",
        "is_verified": false,
        "line_number": 934,
        "type": "Base64 High Entropy String",
        "verified_result": null
      },
      {
        "hashed_secret": "2ff375ae950a5bae2d2fc8eaa7f5d270e239fc1d",
        "is_verified": false,
        "line_number": 948,
        "type": "Base64 High Entropy String",
        "verified_result": null
      },
      {
        "hashed_secret": "efa52fea8ccf955f7c329b9c65a8ddee9cc5be38",
        "is_verified": false,
        "line_number": 962,
        "type": "Base64 High Entropy String",
        "verified_result": null
      },
      {
        "hashed_secret": "71773dad8a2484376159fd2b50ca28365d71add4",
        "is_verified": false,
        "line_number": 976,
        "type": "Base64 High Entropy String",
        "verified_result": null
      },
      {
        "hashed_secret": "b1f1d7fed3c19079554a0ba0e4efe452927f7379",
        "is_verified": false,
        "line_number": 990,
        "type": "Base64 High Entropy String",
        "verified_result": null
      },
      {
        "hashed_secret": "7bdb1fb90300986ebd8e2557f599d87a0265d52d",
        "is_verified": false,
        "line_number": 1004,
        "type": "Base64 High Entropy String",
        "verified_result": null
      },
      {
        "hashed_secret": "e49912f902d974fab06195eb67c3d28a1973cfdc",
        "is_verified": false,
        "line_number": 1018,
        "type": "Base64 High Entropy String",
        "verified_result": null
      },
      {
        "hashed_secret": "28c2c4f065935517ed6107f8a3af692fda982828",
        "is_verified": false,
        "line_number": 1032,
        "type": "Base64 High Entropy String",
        "verified_result": null
      },
      {
        "hashed_secret": "d77318633b910323da2350cdc6b6b45421146888",
        "is_verified": false,
        "line_number": 1046,
        "type": "Base64 High Entropy String",
        "verified_result": null
      },
      {
        "hashed_secret": "33b557bb3677f69bb486480348150ffe6a03018c",
        "is_verified": false,
        "line_number": 1060,
        "type": "Base64 High Entropy String",
        "verified_result": null
      },
      {
        "hashed_secret": "836a28accb803259b64d251073c88a102ae925d5",
        "is_verified": false,
        "line_number": 1074,
        "type": "Base64 High Entropy String",
        "verified_result": null
      },
      {
        "hashed_secret": "47ee4d4342fa48ecd69d82bc426c6165482bd44b",
        "is_verified": false,
        "line_number": 1088,
        "type": "Base64 High Entropy String",
        "verified_result": null
      },
      {
        "hashed_secret": "84d37197cc31898ce2a9201633230b3c4163cfae",
        "is_verified": false,
        "line_number": 1102,
        "type": "Base64 High Entropy String",
        "verified_result": null
      },
      {
        "hashed_secret": "3902257aded8783b8cee6c2a3a32b03ed87db21d",
        "is_verified": false,
        "line_number": 1116,
        "type": "Base64 High Entropy String",
        "verified_result": null
      },
      {
        "hashed_secret": "d2cac7760fa8149ff29b3f6d4f7c0fa90880e9cc",
        "is_verified": false,
        "line_number": 1130,
        "type": "Base64 High Entropy String",
        "verified_result": null
      },
      {
        "hashed_secret": "a217d02e008f51d37513dbbb3e8778ec77d594e9",
        "is_verified": false,
        "line_number": 1144,
        "type": "Base64 High Entropy String",
        "verified_result": null
      },
      {
        "hashed_secret": "15deed459af92630e6849eb4b5b4ffcb913f314c",
        "is_verified": false,
        "line_number": 1158,
        "type": "Base64 High Entropy String",
        "verified_result": null
      },
      {
        "hashed_secret": "58ec5fdfc730a97d974670614142607eecf12701",
        "is_verified": false,
        "line_number": 1172,
        "type": "Base64 High Entropy String",
        "verified_result": null
      },
      {
        "hashed_secret": "54e4b7f4d5c81ef1b59fad11c5dd82c4185759fa",
        "is_verified": false,
        "line_number": 1186,
        "type": "Base64 High Entropy String",
        "verified_result": null
      },
      {
        "hashed_secret": "93b868479e93a627baa1f11029dde620d1e87ab8",
        "is_verified": false,
        "line_number": 1200,
        "type": "Base64 High Entropy String",
        "verified_result": null
      },
      {
        "hashed_secret": "11d670fde71ca6db8ab37f565249283fd5a6fe95",
        "is_verified": false,
        "line_number": 1215,
        "type": "Base64 High Entropy String",
        "verified_result": null
      },
      {
        "hashed_secret": "3b39370d8eaed63c487343336ed8199f44e89b03",
        "is_verified": false,
        "line_number": 1227,
        "type": "Base64 High Entropy String",
        "verified_result": null
      },
      {
        "hashed_secret": "795e8f40e6dfceeb1a8760017ae66968aa5dcf9a",
        "is_verified": false,
        "line_number": 1238,
        "type": "Base64 High Entropy String",
        "verified_result": null
      },
      {
        "hashed_secret": "a2a40bb9910298aee6b6994dcfbaa51d97c8c5b2",
        "is_verified": false,
        "line_number": 1248,
        "type": "Base64 High Entropy String",
        "verified_result": null
      },
      {
        "hashed_secret": "3323772662983b5832fbf5cd44541f7ea3860da6",
        "is_verified": false,
        "line_number": 1258,
        "type": "Base64 High Entropy String",
        "verified_result": null
      },
      {
        "hashed_secret": "9ee752bc7b258d5fd4bc897f6503e7dee66e98a1",
        "is_verified": false,
        "line_number": 1269,
        "type": "Base64 High Entropy String",
        "verified_result": null
      },
      {
        "hashed_secret": "883ffddc90f7adb0b2e567704e0e2e7c9ce772e7",
        "is_verified": false,
        "line_number": 1280,
        "type": "Base64 High Entropy String",
        "verified_result": null
      },
      {
        "hashed_secret": "04c5e75f80231932968bcbf67513faeb9e5b9420",
        "is_verified": false,
        "line_number": 1287,
        "type": "Base64 High Entropy String",
        "verified_result": null
      },
      {
        "hashed_secret": "bb0effed4328287058610c82a40fcac6a513ccbe",
        "is_verified": false,
        "line_number": 1326,
        "type": "Base64 High Entropy String",
        "verified_result": null
      },
      {
        "hashed_secret": "9ed4ec5e13d0127aa4390ca0ea6bb0c58955813c",
        "is_verified": false,
        "line_number": 1333,
        "type": "Base64 High Entropy String",
        "verified_result": null
      },
      {
        "hashed_secret": "11c08054a654f517144d206c95a7ef3d1d1d8a10",
        "is_verified": false,
        "line_number": 1343,
        "type": "Base64 High Entropy String",
        "verified_result": null
      },
      {
        "hashed_secret": "202814e7e7561774522a76c66bc453965f59e0be",
        "is_verified": false,
        "line_number": 1353,
        "type": "Base64 High Entropy String",
        "verified_result": null
      },
      {
        "hashed_secret": "82e45680d983d798b7eb9ff070d2f4a2ed1a6aca",
        "is_verified": false,
        "line_number": 1360,
        "type": "Base64 High Entropy String",
        "verified_result": null
      },
      {
        "hashed_secret": "b5e25bc274fcd2e0765d9719b5778385a09cd417",
        "is_verified": false,
        "line_number": 1367,
        "type": "Base64 High Entropy String",
        "verified_result": null
      },
      {
        "hashed_secret": "8da85cbce59e3d1311b8d83fca1c8e3d0e67fa36",
        "is_verified": false,
        "line_number": 1378,
        "type": "Base64 High Entropy String",
        "verified_result": null
      },
      {
        "hashed_secret": "e0b1176ff0235962b55cf7e14bae54416bbfff11",
        "is_verified": false,
        "line_number": 1385,
        "type": "Base64 High Entropy String",
        "verified_result": null
      },
      {
        "hashed_secret": "8e2775553add62306a4a60d9730357d20cc8eca4",
        "is_verified": false,
        "line_number": 1392,
        "type": "Base64 High Entropy String",
        "verified_result": null
      },
      {
        "hashed_secret": "13451c46d267093367a4021d60ecfd01b589453b",
        "is_verified": false,
        "line_number": 1402,
        "type": "Base64 High Entropy String",
        "verified_result": null
      },
      {
        "hashed_secret": "f10d8e7fd0a2d47dd1c517aee23443ac47c8d8f1",
        "is_verified": false,
        "line_number": 1409,
        "type": "Base64 High Entropy String",
        "verified_result": null
      },
      {
        "hashed_secret": "7ad8f7855e91cd8b06becd442f47ac889e45b05c",
        "is_verified": false,
        "line_number": 1416,
        "type": "Base64 High Entropy String",
        "verified_result": null
      },
      {
        "hashed_secret": "709ec0fb00ecef1e145c61d0227084baf41695ee",
        "is_verified": false,
        "line_number": 1426,
        "type": "Base64 High Entropy String",
        "verified_result": null
      },
      {
        "hashed_secret": "679c86b8b8102c4f59f082861f7153bbff1c302f",
        "is_verified": false,
        "line_number": 1433,
        "type": "Base64 High Entropy String",
        "verified_result": null
      },
      {
        "hashed_secret": "4edd46fe0024d509c40f64891b8de2c1b8648486",
        "is_verified": false,
        "line_number": 1440,
        "type": "Base64 High Entropy String",
        "verified_result": null
      },
      {
        "hashed_secret": "fdaf5cc2f4c70e89a63da173c9094c23a2bdb447",
        "is_verified": false,
        "line_number": 1450,
        "type": "Base64 High Entropy String",
        "verified_result": null
      },
      {
        "hashed_secret": "085598568dc4c356ab7aa2d37615bf3e5ac9a276",
        "is_verified": false,
        "line_number": 1457,
        "type": "Base64 High Entropy String",
        "verified_result": null
      },
      {
        "hashed_secret": "accccbc920e9b8894c9e249476a9d23a102dc51d",
        "is_verified": false,
        "line_number": 1467,
        "type": "Base64 High Entropy String",
        "verified_result": null
      },
      {
        "hashed_secret": "7863f0eb9ee850d4cf1b3ba4790af627e46e8bf5",
        "is_verified": false,
        "line_number": 1474,
        "type": "Base64 High Entropy String",
        "verified_result": null
      },
      {
        "hashed_secret": "19026bc85cda2b7c02ab2100543274cdfc87e235",
        "is_verified": false,
        "line_number": 1481,
        "type": "Base64 High Entropy String",
        "verified_result": null
      },
      {
        "hashed_secret": "ba993e097570d247c652bcc7a4a09a1433017c7f",
        "is_verified": false,
        "line_number": 1488,
        "type": "Base64 High Entropy String",
        "verified_result": null
      },
      {
        "hashed_secret": "8f7078b941b0c422ed7d2b71a8eeec584b26c85d",
        "is_verified": false,
        "line_number": 1495,
        "type": "Base64 High Entropy String",
        "verified_result": null
      },
      {
        "hashed_secret": "7cfe93f5ecad2c99e18b38dc4eac2dd238115509",
        "is_verified": false,
        "line_number": 1505,
        "type": "Base64 High Entropy String",
        "verified_result": null
      },
      {
        "hashed_secret": "b70e5de9bb948e7b610f4630c08929d8c6de5a7c",
        "is_verified": false,
        "line_number": 1512,
        "type": "Base64 High Entropy String",
        "verified_result": null
      },
      {
        "hashed_secret": "0e06cd30bd4605847a6bd20556de8927f1aca0e9",
        "is_verified": false,
        "line_number": 1519,
        "type": "Base64 High Entropy String",
        "verified_result": null
      },
      {
        "hashed_secret": "ee467c04a4f38d68d8a5a5fc367c934838e079da",
        "is_verified": false,
        "line_number": 1529,
        "type": "Base64 High Entropy String",
        "verified_result": null
      },
      {
        "hashed_secret": "8736366f5f93c2407716a62c93c8cd885c50f08d",
        "is_verified": false,
        "line_number": 1536,
        "type": "Base64 High Entropy String",
        "verified_result": null
      },
      {
        "hashed_secret": "8e1c627ad3f1025cf9f784e000700389c751dc4b",
        "is_verified": false,
        "line_number": 1543,
        "type": "Base64 High Entropy String",
        "verified_result": null
      },
      {
        "hashed_secret": "9cae8ddf51d712b423a6341beaac3b89acffbaa5",
        "is_verified": false,
        "line_number": 1550,
        "type": "Base64 High Entropy String",
        "verified_result": null
      },
      {
        "hashed_secret": "1c5d9085d8ef508b7ecd2db78f089e94de0c9d02",
        "is_verified": false,
        "line_number": 1560,
        "type": "Base64 High Entropy String",
        "verified_result": null
      },
      {
        "hashed_secret": "904dae7e3147870781ad476afdbc281061d76e62",
        "is_verified": false,
        "line_number": 1571,
        "type": "Base64 High Entropy String",
        "verified_result": null
      },
      {
        "hashed_secret": "d4df5977f20f1c07ccc57574a509a2adc7ec8088",
        "is_verified": false,
        "line_number": 1578,
        "type": "Base64 High Entropy String",
        "verified_result": null
      },
      {
        "hashed_secret": "c554198dff4b9d03e4fed41f9f60ab0f15c68690",
        "is_verified": false,
        "line_number": 1585,
        "type": "Base64 High Entropy String",
        "verified_result": null
      },
      {
        "hashed_secret": "c97581022b049aecdb0e40e0ac0dc74b08fda264",
        "is_verified": false,
        "line_number": 1595,
        "type": "Base64 High Entropy String",
        "verified_result": null
      },
      {
        "hashed_secret": "b950fae0d5149012a7b78f2dc264576cbc662b47",
        "is_verified": false,
        "line_number": 1602,
        "type": "Base64 High Entropy String",
        "verified_result": null
      },
      {
        "hashed_secret": "7a734bb2b865c8090c992da81fb88b47856d04e3",
        "is_verified": false,
        "line_number": 1613,
        "type": "Base64 High Entropy String",
        "verified_result": null
      },
      {
        "hashed_secret": "9118097a3c6a1778d4ee9c0285702cdf89cbd0e4",
        "is_verified": false,
        "line_number": 1623,
        "type": "Base64 High Entropy String",
        "verified_result": null
      },
      {
        "hashed_secret": "5f411c7e6073b67aca1c9043e3e952322dc21d46",
        "is_verified": false,
        "line_number": 1630,
        "type": "Base64 High Entropy String",
        "verified_result": null
      },
      {
        "hashed_secret": "3b3fdad4fa80ae8473e0304fe52e0cd272ef2a11",
        "is_verified": false,
        "line_number": 1638,
        "type": "Base64 High Entropy String",
        "verified_result": null
      },
      {
        "hashed_secret": "0f5d0207e0139dd83f76c6d3f63c32f02f9e5d73",
        "is_verified": false,
        "line_number": 1645,
        "type": "Base64 High Entropy String",
        "verified_result": null
      },
      {
        "hashed_secret": "d9ea4a68b988aca799b7049c045c05d7f5eb839a",
        "is_verified": false,
        "line_number": 1652,
        "type": "Base64 High Entropy String",
        "verified_result": null
      },
      {
        "hashed_secret": "dae97ad75bd7dae37c59b0b965441664846878f5",
        "is_verified": false,
        "line_number": 1659,
        "type": "Base64 High Entropy String",
        "verified_result": null
      },
      {
        "hashed_secret": "037f159bf4d028826fbbfdb79ced21217251e10c",
        "is_verified": false,
        "line_number": 1673,
        "type": "Base64 High Entropy String",
        "verified_result": null
      },
      {
        "hashed_secret": "8ef0659fbfcf7ad8ea76a6eb9f2188ec50e4dc20",
        "is_verified": false,
        "line_number": 1687,
        "type": "Base64 High Entropy String",
        "verified_result": null
      },
      {
        "hashed_secret": "ef3b2fecc71c895f8d281c552a2dc1e1646ab061",
        "is_verified": false,
        "line_number": 1698,
        "type": "Base64 High Entropy String",
        "verified_result": null
      },
      {
        "hashed_secret": "109e153f12d3899ee34bb4374a8869ca97f459f3",
        "is_verified": false,
        "line_number": 1716,
        "type": "Base64 High Entropy String",
        "verified_result": null
      },
      {
        "hashed_secret": "d985501af5a2ca165b268e1b00de156eafab887a",
        "is_verified": false,
        "line_number": 1727,
        "type": "Base64 High Entropy String",
        "verified_result": null
      },
      {
        "hashed_secret": "a461fd4c78b280a9c2fbdef02496ad096c0d3818",
        "is_verified": false,
        "line_number": 1737,
        "type": "Base64 High Entropy String",
        "verified_result": null
      },
      {
        "hashed_secret": "e397fd03495d1c25cb5824e77608a6a25463ea21",
        "is_verified": false,
        "line_number": 1753,
        "type": "Base64 High Entropy String",
        "verified_result": null
      },
      {
        "hashed_secret": "5a7706be1b9dd471fe31789a770a57a02e0d2165",
        "is_verified": false,
        "line_number": 1763,
        "type": "Base64 High Entropy String",
        "verified_result": null
      },
      {
        "hashed_secret": "860a5bdccab210fb872924714b59c830c3ce7bc4",
        "is_verified": false,
        "line_number": 1773,
        "type": "Base64 High Entropy String",
        "verified_result": null
      },
      {
        "hashed_secret": "1a9765fe104d89ba2c53be29bad3444800c4f135",
        "is_verified": false,
        "line_number": 1784,
        "type": "Base64 High Entropy String",
        "verified_result": null
      },
      {
        "hashed_secret": "53cfc462be586000b4feaf41967e7bc184efeb32",
        "is_verified": false,
        "line_number": 1797,
        "type": "Base64 High Entropy String",
        "verified_result": null
      },
      {
        "hashed_secret": "c82093b28fe8f09dd813b2b7962391b658f251b4",
        "is_verified": false,
        "line_number": 1811,
        "type": "Base64 High Entropy String",
        "verified_result": null
      },
      {
        "hashed_secret": "adb81a5ecd554383580177ef355107cbe71c41bd",
        "is_verified": false,
        "line_number": 1818,
        "type": "Base64 High Entropy String",
        "verified_result": null
      },
      {
        "hashed_secret": "46fe0179c816c67f3d77331f37a66c5f3b0cbaba",
        "is_verified": false,
        "line_number": 1834,
        "type": "Base64 High Entropy String",
        "verified_result": null
      },
      {
        "hashed_secret": "fcf48d59a4de943bdb0fce76d03e98c6af16df83",
        "is_verified": false,
        "line_number": 1901,
        "type": "Base64 High Entropy String",
        "verified_result": null
      },
      {
        "hashed_secret": "86c5eb611c3978388a9d089e22aea768fcd2f1e6",
        "is_verified": false,
        "line_number": 1911,
        "type": "Base64 High Entropy String",
        "verified_result": null
      },
      {
        "hashed_secret": "30dff6e111c0a18b53cc71da853bac87f73a816c",
        "is_verified": false,
        "line_number": 1924,
        "type": "Base64 High Entropy String",
        "verified_result": null
      },
      {
        "hashed_secret": "b8887e83a38800b9633c31ac31bae23e287501c7",
        "is_verified": false,
        "line_number": 1937,
        "type": "Base64 High Entropy String",
        "verified_result": null
      },
      {
        "hashed_secret": "3088e7fa6cae47e2ca726dbe5764539576ae5703",
        "is_verified": false,
        "line_number": 1963,
        "type": "Base64 High Entropy String",
        "verified_result": null
      },
      {
        "hashed_secret": "76ee5d005d74b14bfcf949a0b24859a1ad611560",
        "is_verified": false,
        "line_number": 1973,
        "type": "Base64 High Entropy String",
        "verified_result": null
      },
      {
        "hashed_secret": "838860fad35a9938ad0c45978737609b9acf2e86",
        "is_verified": false,
        "line_number": 1984,
        "type": "Base64 High Entropy String",
        "verified_result": null
      },
      {
        "hashed_secret": "a3c954fbcfcb5b1c2087ff1e1a592601ebd0d7f0",
        "is_verified": false,
        "line_number": 1995,
        "type": "Base64 High Entropy String",
        "verified_result": null
      },
      {
        "hashed_secret": "2e168b2e58d3797e1b488abbf415e9b90b3149b9",
        "is_verified": false,
        "line_number": 2006,
        "type": "Base64 High Entropy String",
        "verified_result": null
      },
      {
        "hashed_secret": "c6132446174fb42fadfe75a8183f305a65574678",
        "is_verified": false,
        "line_number": 2021,
        "type": "Base64 High Entropy String",
        "verified_result": null
      },
      {
        "hashed_secret": "67df7123f1b2c84bf066bc3e6fb4834aa022e20b",
        "is_verified": false,
        "line_number": 2034,
        "type": "Base64 High Entropy String",
        "verified_result": null
      },
      {
        "hashed_secret": "9e4bcb8df7a5f802322234f792347caa3c9240fa",
        "is_verified": false,
        "line_number": 2045,
        "type": "Base64 High Entropy String",
        "verified_result": null
      },
      {
        "hashed_secret": "272e5b30f1b718ab85c40a90f9022aea7f6a506f",
        "is_verified": false,
        "line_number": 2055,
        "type": "Base64 High Entropy String",
        "verified_result": null
      },
      {
        "hashed_secret": "3154238c30f59973f83326d12cd9c2e0a72641db",
        "is_verified": false,
        "line_number": 2062,
        "type": "Base64 High Entropy String",
        "verified_result": null
      },
      {
        "hashed_secret": "a31efbdaf429353b1a681cdf75f1c3b091709994",
        "is_verified": false,
        "line_number": 2078,
        "type": "Base64 High Entropy String",
        "verified_result": null
      },
      {
        "hashed_secret": "8b6e3d167f9d34dcb4fb60d814fdfd4b8f850b7b",
        "is_verified": false,
        "line_number": 2088,
        "type": "Base64 High Entropy String",
        "verified_result": null
      },
      {
        "hashed_secret": "869ba336b0a9973b984e5a4d20557f006498410b",
        "is_verified": false,
        "line_number": 2095,
        "type": "Base64 High Entropy String",
        "verified_result": null
      },
      {
        "hashed_secret": "031e74c3988d3aa3530d827ec994228035f76b24",
        "is_verified": false,
        "line_number": 2105,
        "type": "Base64 High Entropy String",
        "verified_result": null
      },
      {
        "hashed_secret": "79380c4284060f6d92599b5075ab5dff98980365",
        "is_verified": false,
        "line_number": 2118,
        "type": "Base64 High Entropy String",
        "verified_result": null
      },
      {
        "hashed_secret": "e42422d60a4e1b1bb29b9f097fa9e00cca9e310d",
        "is_verified": false,
        "line_number": 2131,
        "type": "Base64 High Entropy String",
        "verified_result": null
      },
      {
        "hashed_secret": "55e984b8442729280aba3a65202556f31aa7ee2b",
        "is_verified": false,
        "line_number": 2141,
        "type": "Base64 High Entropy String",
        "verified_result": null
      },
      {
        "hashed_secret": "131593dcab4a460dbebcff8d0a12d821b3edd402",
        "is_verified": false,
        "line_number": 2148,
        "type": "Base64 High Entropy String",
        "verified_result": null
      },
      {
        "hashed_secret": "cb160c0fa67ad1904f0157c03f6acdc648e14c29",
        "is_verified": false,
        "line_number": 2190,
        "type": "Base64 High Entropy String",
        "verified_result": null
      },
      {
        "hashed_secret": "0ec2f9ddae6f2c51a32b569bfa0990b62144a32f",
        "is_verified": false,
        "line_number": 2203,
        "type": "Base64 High Entropy String",
        "verified_result": null
      },
      {
        "hashed_secret": "63031c941f273d524122c445b6cc52855ba4d80a",
        "is_verified": false,
        "line_number": 2213,
        "type": "Base64 High Entropy String",
        "verified_result": null
      },
      {
        "hashed_secret": "8ffcdf73a059a511bd1a984ff94a6ec26a450da6",
        "is_verified": false,
        "line_number": 2230,
        "type": "Base64 High Entropy String",
        "verified_result": null
      },
      {
        "hashed_secret": "d7df03c04920f03f01f8b40c877fc25a56a9ee19",
        "is_verified": false,
        "line_number": 2243,
        "type": "Base64 High Entropy String",
        "verified_result": null
      },
      {
        "hashed_secret": "475f81349c63a4a4aa6ee2b034a6670b65d2605d",
        "is_verified": false,
        "line_number": 2253,
        "type": "Base64 High Entropy String",
        "verified_result": null
      },
      {
        "hashed_secret": "3e5ccf3a7d5ed1538ce0524b55a6faf09287516d",
        "is_verified": false,
        "line_number": 2266,
        "type": "Base64 High Entropy String",
        "verified_result": null
      },
      {
        "hashed_secret": "981618e70764ccff965f43b2608479f4b38c4b6b",
        "is_verified": false,
        "line_number": 2279,
        "type": "Base64 High Entropy String",
        "verified_result": null
      },
      {
        "hashed_secret": "79fe65c8553fd143f3323cfe6925f719b6ef230a",
        "is_verified": false,
        "line_number": 2289,
        "type": "Base64 High Entropy String",
        "verified_result": null
      },
      {
        "hashed_secret": "1258c27ec2d20bcd3b0691e4a621c6167bf14166",
        "is_verified": false,
        "line_number": 2303,
        "type": "Base64 High Entropy String",
        "verified_result": null
      },
      {
        "hashed_secret": "fb3a4cac7ed22b602c677b19d442df41415484d9",
        "is_verified": false,
        "line_number": 2329,
        "type": "Base64 High Entropy String",
        "verified_result": null
      },
      {
        "hashed_secret": "7584292a0d73867cf2a975ae71b7a6b4b7a18fd3",
        "is_verified": false,
        "line_number": 2339,
        "type": "Base64 High Entropy String",
        "verified_result": null
      },
      {
        "hashed_secret": "bfee3969cf314fd46a4a98c127c6e88dbe47a7d7",
        "is_verified": false,
        "line_number": 2352,
        "type": "Base64 High Entropy String",
        "verified_result": null
      },
      {
        "hashed_secret": "0648eae8d4fb533908b8beb9eace610b07c305e3",
        "is_verified": false,
        "line_number": 2367,
        "type": "Base64 High Entropy String",
        "verified_result": null
      },
      {
        "hashed_secret": "a810ae8365e0609794326708e32a66311accf6d9",
        "is_verified": false,
        "line_number": 2377,
        "type": "Base64 High Entropy String",
        "verified_result": null
      },
      {
        "hashed_secret": "84dc5f27bdddf193db7112ded0e6e62aae32c563",
        "is_verified": false,
        "line_number": 2390,
        "type": "Base64 High Entropy String",
        "verified_result": null
      },
      {
        "hashed_secret": "91f1d14f5c42035f88d9326dba1ab34a390de763",
        "is_verified": false,
        "line_number": 2400,
        "type": "Base64 High Entropy String",
        "verified_result": null
      },
      {
        "hashed_secret": "e646475e64142c1d1d386b89728a88e637d76ffd",
        "is_verified": false,
        "line_number": 2413,
        "type": "Base64 High Entropy String",
        "verified_result": null
      },
      {
        "hashed_secret": "e4a8eca0bfd89c5c73b1d9b70d7fdc1d63a742c3",
        "is_verified": false,
        "line_number": 2423,
        "type": "Base64 High Entropy String",
        "verified_result": null
      },
      {
        "hashed_secret": "9c2024aeeebab8de7dbec46172c80d3c0977b9fd",
        "is_verified": false,
        "line_number": 2433,
        "type": "Base64 High Entropy String",
        "verified_result": null
      },
      {
        "hashed_secret": "d3110b2f096c13b4a05286099f37adb93dc0d98b",
        "is_verified": false,
        "line_number": 2443,
        "type": "Base64 High Entropy String",
        "verified_result": null
      },
      {
        "hashed_secret": "26abf1dd2ca59fe7be9eaa38dca3da206ea420ac",
        "is_verified": false,
        "line_number": 2453,
        "type": "Base64 High Entropy String",
        "verified_result": null
      },
      {
        "hashed_secret": "33717c29c8aea5e30d94507cde08e926103815fd",
        "is_verified": false,
        "line_number": 2464,
        "type": "Base64 High Entropy String",
        "verified_result": null
      },
      {
        "hashed_secret": "9b88197199e0708719546e337507aa489f482035",
        "is_verified": false,
        "line_number": 2474,
        "type": "Base64 High Entropy String",
        "verified_result": null
      },
      {
        "hashed_secret": "b839d6cce2e9faca3fe3db9e2571dabe23cf4987",
        "is_verified": false,
        "line_number": 2481,
        "type": "Base64 High Entropy String",
        "verified_result": null
      },
      {
        "hashed_secret": "a0b8be6c9c901fe0b497f749b90ea1a7228d5621",
        "is_verified": false,
        "line_number": 2491,
        "type": "Base64 High Entropy String",
        "verified_result": null
      },
      {
        "hashed_secret": "bf1d6785d64c573898e6f002e2118df315a3fe8c",
        "is_verified": false,
        "line_number": 2498,
        "type": "Base64 High Entropy String",
        "verified_result": null
      },
      {
        "hashed_secret": "20691e3175c231d4ed0a46b007016f11088622ce",
        "is_verified": false,
        "line_number": 2515,
        "type": "Base64 High Entropy String",
        "verified_result": null
      },
      {
        "hashed_secret": "615111c758dde1f8cbc15fe1e655610e0da5a417",
        "is_verified": false,
        "line_number": 2529,
        "type": "Base64 High Entropy String",
        "verified_result": null
      },
      {
        "hashed_secret": "4f6023e8bc49fa69a236a0745192387ee698473f",
        "is_verified": false,
        "line_number": 2539,
        "type": "Base64 High Entropy String",
        "verified_result": null
      },
      {
        "hashed_secret": "64a1e3b17b6fe4e477f67655772adfb9a8f0685b",
        "is_verified": false,
        "line_number": 2552,
        "type": "Base64 High Entropy String",
        "verified_result": null
      },
      {
        "hashed_secret": "20a2abce8debc1b0a34db8be8bdec759c03470a5",
        "is_verified": false,
        "line_number": 2565,
        "type": "Base64 High Entropy String",
        "verified_result": null
      },
      {
        "hashed_secret": "5d5ad5db83b23a384f6c1d4cd98ff642d93831a2",
        "is_verified": false,
        "line_number": 2578,
        "type": "Base64 High Entropy String",
        "verified_result": null
      },
      {
        "hashed_secret": "2cc8a665f17064b10ab9135e29345f537879c7e0",
        "is_verified": false,
        "line_number": 2588,
        "type": "Base64 High Entropy String",
        "verified_result": null
      },
      {
        "hashed_secret": "080264b10431d7bffd7d0bf2c2e0d27edc640ff4",
        "is_verified": false,
        "line_number": 2608,
        "type": "Base64 High Entropy String",
        "verified_result": null
      },
      {
        "hashed_secret": "d961319d454caee7b7f6e7790a39f87e1719f043",
        "is_verified": false,
        "line_number": 2625,
        "type": "Base64 High Entropy String",
        "verified_result": null
      },
      {
        "hashed_secret": "e363c0f6e1aa22d8da8c6227baf0d45a3d381382",
        "is_verified": false,
        "line_number": 2636,
        "type": "Base64 High Entropy String",
        "verified_result": null
      },
      {
        "hashed_secret": "efde2de89be9751c3f5ba6eef72ec684690ba3aa",
        "is_verified": false,
        "line_number": 2643,
        "type": "Base64 High Entropy String",
        "verified_result": null
      },
      {
        "hashed_secret": "30032b6b21b6761f545cb3a442477208db30131f",
        "is_verified": false,
        "line_number": 2661,
        "type": "Base64 High Entropy String",
        "verified_result": null
      },
      {
        "hashed_secret": "d031e18cc14e54a719197084af4cd6b2372fd005",
        "is_verified": false,
        "line_number": 2671,
        "type": "Base64 High Entropy String",
        "verified_result": null
      },
      {
        "hashed_secret": "dbaf8941e1df2a6cc0af186ab8c288162c591d75",
        "is_verified": false,
        "line_number": 2681,
        "type": "Base64 High Entropy String",
        "verified_result": null
      },
      {
        "hashed_secret": "9624afdbd589179777245e805c6c351ea4764661",
        "is_verified": false,
        "line_number": 2695,
        "type": "Base64 High Entropy String",
        "verified_result": null
      },
      {
        "hashed_secret": "a1a4678b2dc2c2c872d383d7bbae3dd826397a33",
        "is_verified": false,
        "line_number": 2705,
        "type": "Base64 High Entropy String",
        "verified_result": null
      },
      {
        "hashed_secret": "79493155bf971702ff00e70c7bd59d1e56c9e40c",
        "is_verified": false,
        "line_number": 2712,
        "type": "Base64 High Entropy String",
        "verified_result": null
      },
      {
        "hashed_secret": "508e13818451655db815826a00fe15a68b7481b7",
        "is_verified": false,
        "line_number": 2725,
        "type": "Base64 High Entropy String",
        "verified_result": null
      },
      {
        "hashed_secret": "8ab0d03e8d34c76769e2494c72290c441ebcc749",
        "is_verified": false,
        "line_number": 2764,
        "type": "Base64 High Entropy String",
        "verified_result": null
      },
      {
        "hashed_secret": "12ecf39948e93968cea583a27ce0f918a02e3878",
        "is_verified": false,
        "line_number": 2771,
        "type": "Base64 High Entropy String",
        "verified_result": null
      },
      {
        "hashed_secret": "cd9fd88c1eabab5c7092a44753a3f3ccc01ee1ba",
        "is_verified": false,
        "line_number": 2778,
        "type": "Base64 High Entropy String",
        "verified_result": null
      },
      {
        "hashed_secret": "d950cd8ef510429f57fb282e4a437321ca86158c",
        "is_verified": false,
        "line_number": 2788,
        "type": "Base64 High Entropy String",
        "verified_result": null
      },
      {
        "hashed_secret": "4d0e714a0f6a740c6b6b047cf9b513bf8ff4c898",
        "is_verified": false,
        "line_number": 2803,
        "type": "Base64 High Entropy String",
        "verified_result": null
      },
      {
        "hashed_secret": "4bc048ef798be5bb613b48cf7e4602803fb1b709",
        "is_verified": false,
        "line_number": 2816,
        "type": "Base64 High Entropy String",
        "verified_result": null
      },
      {
        "hashed_secret": "6b480f88105d1d6f58deb5c93ce778e95daab763",
        "is_verified": false,
        "line_number": 2823,
        "type": "Base64 High Entropy String",
        "verified_result": null
      },
      {
        "hashed_secret": "2d4c99fda7bfa97703c58c10a3f406dffea5b103",
        "is_verified": false,
        "line_number": 2847,
        "type": "Base64 High Entropy String",
        "verified_result": null
      },
      {
        "hashed_secret": "a8909367fbd1eee65067aa5dd0a7c10fd07f6d86",
        "is_verified": false,
        "line_number": 2861,
        "type": "Base64 High Entropy String",
        "verified_result": null
      },
      {
        "hashed_secret": "395c2fd7dd96691ca2f110afa91b51ffc6f26d97",
        "is_verified": false,
        "line_number": 2868,
        "type": "Base64 High Entropy String",
        "verified_result": null
      },
      {
        "hashed_secret": "9cfd1c9ff642dd3f9093c2e68fda7b9daba943ca",
        "is_verified": false,
        "line_number": 2879,
        "type": "Base64 High Entropy String",
        "verified_result": null
      },
      {
        "hashed_secret": "16eded55a99600a3cf9b11d791983819c7846ba1",
        "is_verified": false,
        "line_number": 2892,
        "type": "Base64 High Entropy String",
        "verified_result": null
      },
      {
        "hashed_secret": "5cb73840cf55c0f119dbfe0b46f911d50c8c114c",
        "is_verified": false,
        "line_number": 2902,
        "type": "Base64 High Entropy String",
        "verified_result": null
      },
      {
        "hashed_secret": "f584ee9c02caf214f1ded60503fbe5bf5870c115",
        "is_verified": false,
        "line_number": 2915,
        "type": "Base64 High Entropy String",
        "verified_result": null
      },
      {
        "hashed_secret": "4e737227d8a4ff0c87704616f4c0c457fa6bf550",
        "is_verified": false,
        "line_number": 2932,
        "type": "Base64 High Entropy String",
        "verified_result": null
      },
      {
        "hashed_secret": "ea988cbd3d8b5e867a1b9205a31c22a0e677cc07",
        "is_verified": false,
        "line_number": 2942,
        "type": "Base64 High Entropy String",
        "verified_result": null
      },
      {
        "hashed_secret": "8271215bc0f8f3c777e34a26e08ac6f4b0643b46",
        "is_verified": false,
        "line_number": 2948,
        "type": "Base64 High Entropy String",
        "verified_result": null
      },
      {
        "hashed_secret": "e3aa848f78699e8fd784dde75cb72e3d31d89d0b",
        "is_verified": false,
        "line_number": 2955,
        "type": "Base64 High Entropy String",
        "verified_result": null
      },
      {
        "hashed_secret": "424c32eeac514fcbcd69f564d4633bf29df3584c",
        "is_verified": false,
        "line_number": 2972,
        "type": "Base64 High Entropy String",
        "verified_result": null
      },
      {
        "hashed_secret": "445a181d403d60c325f2e155d8478760e1e73fba",
        "is_verified": false,
        "line_number": 2979,
        "type": "Base64 High Entropy String",
        "verified_result": null
      },
      {
        "hashed_secret": "5cc20a5b047f98c3bdfc84b87d743bfb60f2947a",
        "is_verified": false,
        "line_number": 2997,
        "type": "Base64 High Entropy String",
        "verified_result": null
      },
      {
        "hashed_secret": "b7cf84d3c812dcfffd10cf5c60962cecb5cf1924",
        "is_verified": false,
        "line_number": 3004,
        "type": "Base64 High Entropy String",
        "verified_result": null
      },
      {
        "hashed_secret": "c7ac6c9881924b06af6f1eba6a29ae4d2ee30e31",
        "is_verified": false,
        "line_number": 3014,
        "type": "Base64 High Entropy String",
        "verified_result": null
      },
      {
        "hashed_secret": "051a9a027f6a128f9ec34e96b9dc9ccc9c4f6baf",
        "is_verified": false,
        "line_number": 3021,
        "type": "Base64 High Entropy String",
        "verified_result": null
      },
      {
        "hashed_secret": "b9381a68b32516410cee735432800123389658cd",
        "is_verified": false,
        "line_number": 3034,
        "type": "Base64 High Entropy String",
        "verified_result": null
      },
      {
        "hashed_secret": "7219bb5a7eb16725289d6c8ca8c867c2ce54daa8",
        "is_verified": false,
        "line_number": 3056,
        "type": "Base64 High Entropy String",
        "verified_result": null
      },
      {
        "hashed_secret": "792a1156c3600bde64fe6afdb70027451714a505",
        "is_verified": false,
        "line_number": 3085,
        "type": "Base64 High Entropy String",
        "verified_result": null
      },
      {
        "hashed_secret": "109cd598436e4dbd5c935b071213eb93a9708f76",
        "is_verified": false,
        "line_number": 3106,
        "type": "Base64 High Entropy String",
        "verified_result": null
      },
      {
        "hashed_secret": "884dbfc05c081ec180a4161939d88eeac20e5069",
        "is_verified": false,
        "line_number": 3123,
        "type": "Base64 High Entropy String",
        "verified_result": null
      },
      {
        "hashed_secret": "1cbcaee55711fa79b8e31ea01993e469b1e7a103",
        "is_verified": false,
        "line_number": 3145,
        "type": "Base64 High Entropy String",
        "verified_result": null
      },
      {
        "hashed_secret": "7a3ba83c9e664a7e4ca91d47bddf0368f196635d",
        "is_verified": false,
        "line_number": 3162,
        "type": "Base64 High Entropy String",
        "verified_result": null
      },
      {
        "hashed_secret": "8adfe51e75a0b64670e734c561f498bade139a33",
        "is_verified": false,
        "line_number": 3179,
        "type": "Base64 High Entropy String",
        "verified_result": null
      },
      {
        "hashed_secret": "143743528e3b9b96aaf60f7aec6c318be5e54a99",
        "is_verified": false,
        "line_number": 3186,
        "type": "Base64 High Entropy String",
        "verified_result": null
      },
      {
        "hashed_secret": "7edf531b36586287095448cd2cb5276687711a41",
        "is_verified": false,
        "line_number": 3193,
        "type": "Base64 High Entropy String",
        "verified_result": null
      },
      {
        "hashed_secret": "f4c8d4909804be929ee867133fe4b0810002c8a4",
        "is_verified": false,
        "line_number": 3206,
        "type": "Base64 High Entropy String",
        "verified_result": null
      },
      {
        "hashed_secret": "18320432c7c3515f682ce9a5def8785bf11de5fd",
        "is_verified": false,
        "line_number": 3213,
        "type": "Base64 High Entropy String",
        "verified_result": null
      },
      {
        "hashed_secret": "805d9656080308c11cde7cb7f0310e12c7e60c48",
        "is_verified": false,
        "line_number": 3225,
        "type": "Base64 High Entropy String",
        "verified_result": null
      },
      {
        "hashed_secret": "ca13874532c9df50a570a36576667e2bbd4383bc",
        "is_verified": false,
        "line_number": 3232,
        "type": "Base64 High Entropy String",
        "verified_result": null
      },
      {
        "hashed_secret": "61b6a35ae4c1727a7442bcc942f7ff046b58256f",
        "is_verified": false,
        "line_number": 3251,
        "type": "Base64 High Entropy String",
        "verified_result": null
      },
      {
        "hashed_secret": "272b1d51a3fc8000c057c6fed70b85754b0c5a7c",
        "is_verified": false,
        "line_number": 3259,
        "type": "Base64 High Entropy String",
        "verified_result": null
      },
      {
        "hashed_secret": "fd5ce75770c32ae474a8da266dc6b8604f162947",
        "is_verified": false,
        "line_number": 3271,
        "type": "Base64 High Entropy String",
        "verified_result": null
      },
      {
        "hashed_secret": "cdb8646d4a7ff41822fd7db480ce191ce8d0adcb",
        "is_verified": false,
        "line_number": 3278,
        "type": "Base64 High Entropy String",
        "verified_result": null
      },
      {
        "hashed_secret": "9235bcf425e49c5749d9f52ed67b13717efda795",
        "is_verified": false,
        "line_number": 3285,
        "type": "Base64 High Entropy String",
        "verified_result": null
      },
      {
        "hashed_secret": "8101434243b95c06fd7ba449d59665e0b4742bcc",
        "is_verified": false,
        "line_number": 3292,
        "type": "Base64 High Entropy String",
        "verified_result": null
      },
      {
        "hashed_secret": "4439cc784aca22e5cdf33ed6656f5b8b99eaa44d",
        "is_verified": false,
        "line_number": 3299,
        "type": "Base64 High Entropy String",
        "verified_result": null
      },
      {
        "hashed_secret": "91606f9f24e27b9f998d32a103fb4e8a7640eac8",
        "is_verified": false,
        "line_number": 3306,
        "type": "Base64 High Entropy String",
        "verified_result": null
      },
      {
        "hashed_secret": "8d24ba248862a0cdc267a56eaa97c4667069409d",
        "is_verified": false,
        "line_number": 3318,
        "type": "Base64 High Entropy String",
        "verified_result": null
      },
      {
        "hashed_secret": "295c5d969535881e04800821e0a1bc48bd5761f2",
        "is_verified": false,
        "line_number": 3325,
        "type": "Base64 High Entropy String",
        "verified_result": null
      },
      {
        "hashed_secret": "e4d0457c3771bd19a2db30ce4295cc025189392e",
        "is_verified": false,
        "line_number": 3336,
        "type": "Base64 High Entropy String",
        "verified_result": null
      },
      {
        "hashed_secret": "6ae6efa4bda4ee2493438ddc7b26917e0ad50184",
        "is_verified": false,
        "line_number": 3365,
        "type": "Base64 High Entropy String",
        "verified_result": null
      },
      {
        "hashed_secret": "c15d96d7e81cc1f40282e204d55b5832f5117f3f",
        "is_verified": false,
        "line_number": 3376,
        "type": "Base64 High Entropy String",
        "verified_result": null
      },
      {
        "hashed_secret": "2c17d8d679cfc4af1fd8ef7fcf0b1ebde8e3f4fa",
        "is_verified": false,
        "line_number": 3387,
        "type": "Base64 High Entropy String",
        "verified_result": null
      },
      {
        "hashed_secret": "3843fe8bfabd5162ea792aad489b0bc2e774535e",
        "is_verified": false,
        "line_number": 3404,
        "type": "Base64 High Entropy String",
        "verified_result": null
      },
      {
        "hashed_secret": "8fd098a872474859bcce3e25efacdaf7d273a6e0",
        "is_verified": false,
        "line_number": 3414,
        "type": "Base64 High Entropy String",
        "verified_result": null
      },
      {
        "hashed_secret": "4e416a02c571be91e08682290d440c7879f08dc5",
        "is_verified": false,
        "line_number": 3424,
        "type": "Base64 High Entropy String",
        "verified_result": null
      },
      {
        "hashed_secret": "ea4d705920dea9e9007f7ffd977007d97d93720a",
        "is_verified": false,
        "line_number": 3431,
        "type": "Base64 High Entropy String",
        "verified_result": null
      },
      {
        "hashed_secret": "47e9d02523f2192439c8ebc19f11d491f61874f6",
        "is_verified": false,
        "line_number": 3438,
        "type": "Base64 High Entropy String",
        "verified_result": null
      },
      {
        "hashed_secret": "80b91353f169097d0da130e23b0f619d802314be",
        "is_verified": false,
        "line_number": 3445,
        "type": "Base64 High Entropy String",
        "verified_result": null
      },
      {
        "hashed_secret": "12c75bf14fc9e7d25cb8b6d66ea81decab2f32aa",
        "is_verified": false,
        "line_number": 3485,
        "type": "Base64 High Entropy String",
        "verified_result": null
      },
      {
        "hashed_secret": "4ec2ff08ee70f4f3ed104cf914130dc8b4af02db",
        "is_verified": false,
        "line_number": 3498,
        "type": "Base64 High Entropy String",
        "verified_result": null
      },
      {
        "hashed_secret": "1508bbaf29927b5348d4df62823dab122a0d3b48",
        "is_verified": false,
        "line_number": 3505,
        "type": "Base64 High Entropy String",
        "verified_result": null
      },
      {
        "hashed_secret": "a4b7bd2ec48fa0d6c7582851771ad80e58eff29a",
        "is_verified": false,
        "line_number": 3512,
        "type": "Base64 High Entropy String",
        "verified_result": null
      },
      {
        "hashed_secret": "36bef8ceba046d05011811c477f99b46ee6b9dbb",
        "is_verified": false,
        "line_number": 3520,
        "type": "Base64 High Entropy String",
        "verified_result": null
      },
      {
        "hashed_secret": "336d02c1e7195c5237197b5884304099ab15c6ba",
        "is_verified": false,
        "line_number": 3537,
        "type": "Base64 High Entropy String",
        "verified_result": null
      },
      {
        "hashed_secret": "7aa114aa9a7bfd188312ad99782db3d5355eda95",
        "is_verified": false,
        "line_number": 3547,
        "type": "Base64 High Entropy String",
        "verified_result": null
      },
      {
        "hashed_secret": "0907c02e85d2e23514a53137c37403b83764b520",
        "is_verified": false,
        "line_number": 3558,
        "type": "Base64 High Entropy String",
        "verified_result": null
      },
      {
        "hashed_secret": "2558599ab14e11c4e61eb6c940041453b8dbb70d",
        "is_verified": false,
        "line_number": 3568,
        "type": "Base64 High Entropy String",
        "verified_result": null
      },
      {
        "hashed_secret": "7821aab8b32fe85984d087e74a64d274074fd5ff",
        "is_verified": false,
        "line_number": 3583,
        "type": "Base64 High Entropy String",
        "verified_result": null
      },
      {
        "hashed_secret": "226a4f612222f568cad0033d05457b1c7a88a343",
        "is_verified": false,
        "line_number": 3590,
        "type": "Base64 High Entropy String",
        "verified_result": null
      },
      {
        "hashed_secret": "8889543e7dfbe05a9c0ad953965b5bb435bae029",
        "is_verified": false,
        "line_number": 3603,
        "type": "Base64 High Entropy String",
        "verified_result": null
      },
      {
        "hashed_secret": "e11dc6504f1442c6e5b78658db9c245708c24690",
        "is_verified": false,
        "line_number": 3610,
        "type": "Base64 High Entropy String",
        "verified_result": null
      },
      {
        "hashed_secret": "c8ac07caa8b70b9e60a7cc5785840065a9d2eff1",
        "is_verified": false,
        "line_number": 3617,
        "type": "Base64 High Entropy String",
        "verified_result": null
      },
      {
        "hashed_secret": "1e68acc8ad653691b250fb20aefebd10afacfb1c",
        "is_verified": false,
        "line_number": 3628,
        "type": "Base64 High Entropy String",
        "verified_result": null
      },
      {
        "hashed_secret": "b0cc5db4f99fc0fb773b7006064bd925ae04e9b5",
        "is_verified": false,
        "line_number": 3638,
        "type": "Base64 High Entropy String",
        "verified_result": null
      },
      {
        "hashed_secret": "a9368cdcb550512fabdc661c117b0ca5ef8bd5b4",
        "is_verified": false,
        "line_number": 3645,
        "type": "Base64 High Entropy String",
        "verified_result": null
      },
      {
        "hashed_secret": "9a9c48cdcf1e676cd67b5a518e3179bbb5c45945",
        "is_verified": false,
        "line_number": 3659,
        "type": "Base64 High Entropy String",
        "verified_result": null
      },
      {
        "hashed_secret": "62e729afe8b83c39fe12240d3009701ceae77e8d",
        "is_verified": false,
        "line_number": 3673,
        "type": "Base64 High Entropy String",
        "verified_result": null
      },
      {
        "hashed_secret": "235983a96e805984ce05975bd175dfaaae62ec0a",
        "is_verified": false,
        "line_number": 3687,
        "type": "Base64 High Entropy String",
        "verified_result": null
      },
      {
        "hashed_secret": "8cc68fde9d12cf1bc3bfd4ff31cf8aaa354512ef",
        "is_verified": false,
        "line_number": 3703,
        "type": "Base64 High Entropy String",
        "verified_result": null
      },
      {
        "hashed_secret": "e9929bd50a5523f3ee0cf35a8fd80c06bc43cc50",
        "is_verified": false,
        "line_number": 3718,
        "type": "Base64 High Entropy String",
        "verified_result": null
      },
      {
        "hashed_secret": "24cac35b603c4f62f26c8d890617e134c1746183",
        "is_verified": false,
        "line_number": 3732,
        "type": "Base64 High Entropy String",
        "verified_result": null
      },
      {
        "hashed_secret": "10af1db589c7ec869e82074e6bb65cc5a4a6f3d7",
        "is_verified": false,
        "line_number": 3747,
        "type": "Base64 High Entropy String",
        "verified_result": null
      },
      {
        "hashed_secret": "502899ca953a9c85f4c2cb798ffbf39c17e3b85c",
        "is_verified": false,
        "line_number": 3762,
        "type": "Base64 High Entropy String",
        "verified_result": null
      },
      {
        "hashed_secret": "c1233aad752a816e07b1c53aa790c8369a519fc8",
        "is_verified": false,
        "line_number": 3822,
        "type": "Base64 High Entropy String",
        "verified_result": null
      },
      {
        "hashed_secret": "ccea4402e5a7869c7ac54ef19ab2ecb5472d5855",
        "is_verified": false,
        "line_number": 3864,
        "type": "Base64 High Entropy String",
        "verified_result": null
      },
      {
        "hashed_secret": "c85b08c4b0d082d8ef795d3feb33248d653a86dd",
        "is_verified": false,
        "line_number": 3878,
        "type": "Base64 High Entropy String",
        "verified_result": null
      },
      {
        "hashed_secret": "c404e90db76532488af93bd2a7001a73ec20db70",
        "is_verified": false,
        "line_number": 3888,
        "type": "Base64 High Entropy String",
        "verified_result": null
      },
      {
        "hashed_secret": "646545163be60fa7b4864dabc97dc921b6217a3f",
        "is_verified": false,
        "line_number": 3901,
        "type": "Base64 High Entropy String",
        "verified_result": null
      },
      {
        "hashed_secret": "7c0f26e555ee262ed308b5e9a40f3ed4fdaacaa9",
        "is_verified": false,
        "line_number": 3912,
        "type": "Base64 High Entropy String",
        "verified_result": null
      },
      {
        "hashed_secret": "fbab298b8cf4892db7d5b25fa56f64db70c02191",
        "is_verified": false,
        "line_number": 3919,
        "type": "Base64 High Entropy String",
        "verified_result": null
      },
      {
        "hashed_secret": "9a7f758ccbe3c1a33e64125ee88909ceb0f2b9ad",
        "is_verified": false,
        "line_number": 3926,
        "type": "Base64 High Entropy String",
        "verified_result": null
      },
      {
        "hashed_secret": "70a178be140b4863bfa13484ccec175316eae02d",
        "is_verified": false,
        "line_number": 3933,
        "type": "Base64 High Entropy String",
        "verified_result": null
      },
      {
        "hashed_secret": "3c2d8491c2232a61643d57a3622f9e4c284b24f2",
        "is_verified": false,
        "line_number": 3955,
        "type": "Base64 High Entropy String",
        "verified_result": null
      }
    ],
    "example/ibm_cloud_apis/Readme.md": [
      {
        "hashed_secret": "06a587ae799efdbf8d03e4c0f5ac3c3f9a9db7af",
        "is_verified": false,
        "line_number": 12,
        "type": "Secret Keyword",
        "verified_result": null
      }
    ],
    "example/mcp-wx-data/Readme.md": [
      {
        "hashed_secret": "6eae3a5b062c6d0d79f070c26e6d62486b40cb46",
        "is_verified": false,
        "line_number": 12,
        "type": "Secret Keyword",
        "verified_result": null
      }
    ],
    "example/mcp-wx-data/wx-data-config.json": [
      {
        "hashed_secret": "1f5e25be9b575e9f5d39c82dfd1d9f4d73f1975c",
        "is_verified": false,
        "line_number": 31,
        "type": "Secret Keyword",
        "verified_result": null
      }
    ],
    "example/mcp_simple_auth/README.md": [
      {
        "hashed_secret": "1a2fc3034e4c155463286194048df25e99a94929",
        "is_verified": false,
        "line_number": 17,
        "type": "Secret Keyword",
        "verified_result": null
      }
    ],
    "example/mcp_simple_auth/pyproject.toml": [
      {
        "hashed_secret": "ccdeb8164ea0c7addc4afe467416dba8cb36b1e5",
        "is_verified": false,
        "line_number": 22,
        "type": "Secret Keyword",
        "verified_result": null
      }
    ],
    "example/mcsp_servers/config_master.json": [
      {
        "hashed_secret": "610c6fbf7bf961f65b1086a45f6717b3b521ed77",
        "is_verified": false,
        "line_number": 129,
        "type": "Secret Keyword",
        "verified_result": null
      }
    ],
    "example/mcsp_trio_server/mcsp_trio_master.json": [
      {
        "hashed_secret": "1f5e25be9b575e9f5d39c82dfd1d9f4d73f1975c",
        "is_verified": false,
        "line_number": 28,
        "type": "Secret Keyword",
        "verified_result": null
      }
    ],
    "spec/ibm-concert.json": [
      {
        "hashed_secret": "7b14c3b52a4bcd131e3e09765ee14a3b49f2764f",
        "is_verified": false,
        "line_number": 8512,
        "type": "Hex High Entropy String",
        "verified_result": null
      },
      {
        "hashed_secret": "d4c3d66fd0c38547a3c7a4c6bdc29c36911bc030",
        "is_verified": false,
        "line_number": 22675,
        "type": "Secret Keyword",
        "verified_result": null
      },
      {
        "hashed_secret": "81f6de5019bb22a732b16874f4a878187447dbce",
        "is_verified": false,
        "line_number": 26785,
        "type": "Hex High Entropy String",
        "verified_result": null
      },
      {
        "hashed_secret": "1e5c2f367f02e47a8c160cda1cd9d91decbac441",
        "is_verified": false,
        "line_number": 27728,
        "type": "Secret Keyword",
        "verified_result": null
      },
      {
        "hashed_secret": "4a30ee835e4476ce28794e7539d4428b71056a3f",
        "is_verified": false,
        "line_number": 31923,
        "type": "Hex High Entropy String",
        "verified_result": null
      }
    ],
    "spec/instana-openapi.json": [
      {
        "hashed_secret": "48bde654d259824a0cb2dd3b0e73ca6b983d229e",
        "is_verified": false,
        "line_number": 193,
        "type": "Secret Keyword",
        "verified_result": null
      },
      {
        "hashed_secret": "a1b25ab2cae1e4bca029340f1f737617bdb4f486",
        "is_verified": false,
        "line_number": 663,
        "type": "Hex High Entropy String",
        "verified_result": null
      },
      {
        "hashed_secret": "1e364aa9d288bd544b98e8bcbf6ba052dff6e088",
        "is_verified": false,
        "line_number": 669,
        "type": "Hex High Entropy String",
        "verified_result": null
      },
      {
        "hashed_secret": "06da12cf525a531a0d9343b0448d5f556be0fbcb",
        "is_verified": false,
        "line_number": 1065,
        "type": "Hex High Entropy String",
        "verified_result": null
      },
      {
        "hashed_secret": "06268858d3e3bc9f078a4587930c67bb848d5e16",
        "is_verified": false,
        "line_number": 1486,
        "type": "Base64 High Entropy String",
        "verified_result": null
      },
      {
        "hashed_secret": "eebf60da2047a9dbd3f98ac200ab409fad45fb58",
        "is_verified": false,
        "line_number": 1489,
        "type": "Hex High Entropy String",
        "verified_result": null
      },
      {
        "hashed_secret": "7533bf7aee3051c117db86ee2b6fba61beaf57e6",
        "is_verified": false,
        "line_number": 1722,
        "type": "Hex High Entropy String",
        "verified_result": null
      },
      {
        "hashed_secret": "732ce6823f5070865467da032cbdb76b88d83fc4",
        "is_verified": false,
        "line_number": 2553,
        "type": "Hex High Entropy String",
        "verified_result": null
      },
      {
        "hashed_secret": "845b9b8fd142f910f80a63279b707cd0630b517e",
        "is_verified": false,
        "line_number": 2755,
        "type": "Hex High Entropy String",
        "verified_result": null
      },
      {
        "hashed_secret": "4e58f950f1635ddb993ef918e10eec10b061d1d4",
        "is_verified": false,
        "line_number": 2856,
        "type": "Hex High Entropy String",
        "verified_result": null
      },
      {
        "hashed_secret": "6ca6fe36fa654e0e2198131693e9f5dab794a445",
        "is_verified": false,
        "line_number": 2901,
        "type": "Hex High Entropy String",
        "verified_result": null
      },
      {
        "hashed_secret": "6648401863b3c278fb92a3806443452fac367d52",
        "is_verified": false,
        "line_number": 3179,
        "type": "Hex High Entropy String",
        "verified_result": null
      },
      {
        "hashed_secret": "1e723b9ecfaede9308b62eebdca407fd89d8c6a8",
        "is_verified": false,
        "line_number": 3657,
        "type": "Hex High Entropy String",
        "verified_result": null
      },
      {
        "hashed_secret": "acaae0b95e43b793517b31134ce28bc6752a3a21",
        "is_verified": false,
        "line_number": 3666,
        "type": "Hex High Entropy String",
        "verified_result": null
      },
      {
        "hashed_secret": "5ce47f0f09d9454d4557c10a94cb392c8143800f",
        "is_verified": false,
        "line_number": 3861,
        "type": "Hex High Entropy String",
        "verified_result": null
      },
      {
        "hashed_secret": "cdf5d732c8477d973d64135c79e99fceaa1294df",
        "is_verified": false,
        "line_number": 3871,
        "type": "Base64 High Entropy String",
        "verified_result": null
      },
      {
        "hashed_secret": "bba08bbdf204561d524797e17341f3e4a5fa30ed",
        "is_verified": false,
        "line_number": 3881,
        "type": "Hex High Entropy String",
        "verified_result": null
      },
      {
        "hashed_secret": "db9f6b5656bb64a163a43dc6e2398c83063a87ba",
        "is_verified": false,
        "line_number": 4548,
        "type": "Hex High Entropy String",
        "verified_result": null
      },
      {
        "hashed_secret": "349026e10af89759954d88559a1a949b65c8c15a",
        "is_verified": false,
        "line_number": 6594,
        "type": "Hex High Entropy String",
        "verified_result": null
      },
      {
        "hashed_secret": "32af262c9c126c5bead816c70c235bfaa4824f04",
        "is_verified": false,
        "line_number": 7232,
        "type": "Hex High Entropy String",
        "verified_result": null
      },
      {
        "hashed_secret": "f489a3fea8bd755b67ee01c567b241c77f752a25",
        "is_verified": false,
        "line_number": 7256,
        "type": "Hex High Entropy String",
        "verified_result": null
      },
      {
        "hashed_secret": "6e8ec82a57dd05cca7878ae5586636bc0ab7ed7a",
        "is_verified": false,
        "line_number": 7880,
        "type": "Base64 High Entropy String",
        "verified_result": null
      },
      {
        "hashed_secret": "1edfd63e4d8fe5b1b75ca89d23be22ee9c53a5d9",
        "is_verified": false,
        "line_number": 9584,
        "type": "Base64 High Entropy String",
        "verified_result": null
      },
      {
        "hashed_secret": "be56776cfd54dff75899c9843bf3f5116b02f54d",
        "is_verified": false,
        "line_number": 10253,
        "type": "Base64 High Entropy String",
        "verified_result": null
      },
      {
        "hashed_secret": "8115194353447fb37deefc1aad0bf1f85c3a4abe",
        "is_verified": false,
        "line_number": 12966,
        "type": "Hex High Entropy String",
        "verified_result": null
      },
      {
        "hashed_secret": "e19abe5a63d0a175054770966979b8fdf305c09c",
        "is_verified": false,
        "line_number": 15703,
        "type": "Hex High Entropy String",
        "verified_result": null
      },
      {
        "hashed_secret": "da1771d54422cd8f3910d67e615f7fc895d2639e",
        "is_verified": false,
        "line_number": 17091,
        "type": "Base64 High Entropy String",
        "verified_result": null
      },
      {
        "hashed_secret": "4a98385abcf9575b0c1205eb12f7949152695554",
        "is_verified": false,
        "line_number": 17092,
        "type": "Base64 High Entropy String",
        "verified_result": null
      },
      {
        "hashed_secret": "4fa500e448bebf962fabc25398ca3cdf95c3d3e2",
        "is_verified": false,
        "line_number": 17235,
        "type": "Hex High Entropy String",
        "verified_result": null
      },
      {
        "hashed_secret": "72698bbf15a8236701b0eba90959dc2af630ae26",
        "is_verified": false,
        "line_number": 17728,
        "type": "Hex High Entropy String",
        "verified_result": null
      },
      {
        "hashed_secret": "23db65a58e8717e4f2743b793ea471ad2682cd3d",
        "is_verified": false,
        "line_number": 17918,
        "type": "Hex High Entropy String",
        "verified_result": null
      },
      {
        "hashed_secret": "2ade82c843923b1daf0bcb3b78c30d457094c600",
        "is_verified": false,
        "line_number": 18825,
        "type": "Hex High Entropy String",
        "verified_result": null
      },
      {
        "hashed_secret": "b478eb66732ce13bc53add99b5bca2d114857b79",
        "is_verified": false,
        "line_number": 22310,
        "type": "Base64 High Entropy String",
        "verified_result": null
      },
      {
        "hashed_secret": "1f5e25be9b575e9f5d39c82dfd1d9f4d73f1975c",
        "is_verified": false,
        "line_number": 23174,
        "type": "Secret Keyword",
        "verified_result": null
      },
      {
        "hashed_secret": "9a65be3f5b49162cd858b845758a474f53bcfbb7",
        "is_verified": false,
        "line_number": 23185,
        "type": "Hex High Entropy String",
        "verified_result": null
      },
      {
        "hashed_secret": "8c5561e1c370af11c588faf76f402c7b642951f0",
        "is_verified": false,
        "line_number": 23750,
        "type": "Hex High Entropy String",
        "verified_result": null
      },
      {
        "hashed_secret": "52532bdf83c9562f81e4885d7714a0676bf20ac4",
        "is_verified": false,
        "line_number": 27864,
        "type": "Hex High Entropy String",
        "verified_result": null
      },
      {
        "hashed_secret": "ff5d81901c67060ae537d6ec0b4530b82da9d081",
        "is_verified": false,
        "line_number": 27865,
        "type": "Hex High Entropy String",
        "verified_result": null
      },
      {
        "hashed_secret": "150bdef21c0ef3c68b6f37666354a2a0ce6a09f8",
        "is_verified": false,
        "line_number": 27866,
        "type": "Hex High Entropy String",
        "verified_result": null
      },
      {
        "hashed_secret": "32ad51068db071820a14e36382220ea744b5d354",
        "is_verified": false,
        "line_number": 27867,
        "type": "Hex High Entropy String",
        "verified_result": null
      },
      {
        "hashed_secret": "3ae2c997d81622e6defa6d8fbb38991e4d418209",
        "is_verified": false,
        "line_number": 28892,
        "type": "Hex High Entropy String",
        "verified_result": null
      },
      {
        "hashed_secret": "25484aba578352adeb271a213e1330fdd81b8004",
        "is_verified": false,
        "line_number": 29005,
        "type": "Hex High Entropy String",
        "verified_result": null
      },
      {
        "hashed_secret": "5ebde2eab3f16f0582ebe09617fedfe7a676d2dc",
        "is_verified": false,
        "line_number": 29043,
        "type": "Hex High Entropy String",
        "verified_result": null
      },
      {
        "hashed_secret": "c158a813270b899f2bda714246c980bb1e6d866d",
        "is_verified": false,
        "line_number": 29044,
        "type": "Hex High Entropy String",
        "verified_result": null
      },
      {
        "hashed_secret": "b05cfd4bd34ad30651ed8a11ae1f91d7c81631a6",
        "is_verified": false,
        "line_number": 29045,
        "type": "Hex High Entropy String",
        "verified_result": null
      },
      {
        "hashed_secret": "bdaa49957514368ece0047a908d9b9254ff2d62a",
        "is_verified": false,
        "line_number": 29046,
        "type": "Hex High Entropy String",
        "verified_result": null
      },
      {
        "hashed_secret": "1e5c2f367f02e47a8c160cda1cd9d91decbac441",
        "is_verified": false,
        "line_number": 29250,
        "type": "Secret Keyword",
        "verified_result": null
      }
    ],
    "spec/turbo-openapi.json": [
      {
        "hashed_secret": "ee70b7158ad9bd03ba10965320eac97efe88dc2e",
        "is_verified": false,
        "line_number": 25965,
        "type": "Secret Keyword",
        "verified_result": null
      }
    ],
    "spec/turbo-openapi_swagger.json": [
      {
        "hashed_secret": "ee70b7158ad9bd03ba10965320eac97efe88dc2e",
        "is_verified": false,
        "line_number": 24608,
        "type": "Secret Keyword",
        "verified_result": null
      }
    ],
    "spec/wx-data-openapi.json": [
      {
        "hashed_secret": "42e70e647cbe5c389356f84128e916bc06f732fe",
        "is_verified": false,
        "line_number": 10198,
        "type": "Secret Keyword",
        "verified_result": null
      },
      {
        "hashed_secret": "d4c3d66fd0c38547a3c7a4c6bdc29c36911bc030",
        "is_verified": false,
        "line_number": 10899,
        "type": "Secret Keyword",
        "verified_result": null
      },
      {
        "hashed_secret": "ef6901e2bd22b2030070e6be6760601453181653",
        "is_verified": false,
        "line_number": 10927,
        "type": "Secret Keyword",
        "verified_result": null
      },
      {
        "hashed_secret": "85804c4ad4105d3bc43ae6e7b63627e0d4b878eb",
        "is_verified": false,
        "line_number": 10937,
        "type": "Secret Keyword",
        "verified_result": null
      },
      {
        "hashed_secret": "b5d33d0cff1946ef27ea5b39afd5ae8b2649dabe",
        "is_verified": false,
        "line_number": 10938,
        "type": "Secret Keyword",
        "verified_result": null
      },
      {
        "hashed_secret": "5ce863cc899c9d0e5801793cb73d848d77938933",
        "is_verified": false,
        "line_number": 21959,
        "type": "Secret Keyword",
        "verified_result": null
      },
      {
        "hashed_secret": "e93e51da3a351b17bbc8407cc0a8590bfb2bf36c",
        "is_verified": false,
        "line_number": 27004,
        "type": "Base64 High Entropy String",
        "verified_result": null
      },
      {
        "hashed_secret": "122016f161030aeba6cecdb8cbe3eb5b10a9c65d",
        "is_verified": false,
        "line_number": 34352,
        "type": "Secret Keyword",
        "verified_result": null
      },
      {
        "hashed_secret": "5baa61e4c9b93f3f0682250b6cf8331b7ee68fd8",
        "is_verified": false,
        "line_number": 35124,
        "type": "Basic Auth Credentials",
        "verified_result": null
      },
      {
        "hashed_secret": "a227371accd46a80bcacc4e0713821ca64afa414",
        "is_verified": false,
        "line_number": 36140,
        "type": "Secret Keyword",
        "verified_result": null
      },
      {
        "hashed_secret": "c7103b7232c3d6416535971b04c5ed25c4f19c98",
        "is_verified": false,
        "line_number": 36315,
        "type": "Secret Keyword",
        "verified_result": null
      },
      {
        "hashed_secret": "fb8c5c24ed82c8b7d7d001a846c04aa5c8a433ef",
        "is_verified": false,
        "line_number": 39937,
        "type": "Hex High Entropy String",
        "verified_result": null
      }
    ],
    "src/mcp_composer/utils/validator.py": [
      {
        "hashed_secret": "66a36e77fd002579809717841f998f4d21cd5913",
        "is_verified": false,
        "line_number": 16,
        "type": "Secret Keyword",
        "verified_result": null
      },
      {
        "hashed_secret": "a603075604516de626cda903868e457fad826533",
        "is_verified": false,
        "line_number": 59,
        "type": "Secret Keyword",
        "verified_result": null
      },
      {
        "hashed_secret": "d4c3d66fd0c38547a3c7a4c6bdc29c36911bc030",
        "is_verified": false,
        "line_number": 60,
        "type": "Secret Keyword",
        "verified_result": null
      }
    ]
  },
  "version": "0.13.1+ibm.61.dss",
  "word_list": {
    "file": null,
    "hash": null
  }
}
