{
  "exclude": {
    "files": null,
    "lines": null
  },
  "generated_at": "2025-07-23T08:55:10Z",
  "plugins_used": [
    {
      "name": "AWSKeyDetector"
    },
    {
      "name": "ArtifactoryDetector"
    },
    {
      "name": "AzureStorageKeyDetector"
    },
    {
      "base64_limit": 4.5,
      "name": "Base64HighEntropyString"
    },
    {
      "name": "BasicAuthDetector"
    },
    {
      "name": "BoxDetector"
    },
    {
      "name": "CloudantDetector"
    },
    {
      "ghe_instance": "github.ibm.com",
      "name": "GheDetector"
    },
    {
      "name": "GitHubTokenDetector"
    },
    {
      "hex_limit": 3,
      "name": "HexHighEntropyString"
    },
    {
      "name": "IbmCloudIamDetector"
    },
    {
      "name": "IbmCosHmacDetector"
    },
    {
      "name": "JwtTokenDetector"
    },
    {
      "keyword_exclude": null,
      "name": "KeywordDetector"
    },
    {
      "name": "MailchimpDetector"
    },
    {
      "name": "NpmDetector"
    },
    {
      "name": "PrivateKeyDetector"
    },
    {
      "name": "SlackDetector"
    },
    {
      "name": "SoftlayerDetector"
    },
    {
      "name": "SquareOAuthDetector"
    },
    {
      "name": "StripeDetector"
    },
    {
      "name": "TwilioKeyDetector"
    }
  ],
  "results": {
    "README.md": [
      {
        "hashed_secret": "bcf22dfc6fb76b7366b1f1675baf2332a0e6a7ce",
        "is_secret": false,
        "is_verified": false,
        "line_number": 306,
        "type": "Secret Keyword",
        "verified_result": null
      }
    ],
    "docs/config_manager_dd.md": [
      {
        "hashed_secret": "05672043f03564fec5403ccfc5a42d2dfc4b5300",
        "is_secret": false,
        "is_verified": false,
        "line_number": 149,
        "type": "Secret Keyword",
        "verified_result": null
      },
      {
        "hashed_secret": "7e0e93da4b19a86125b157a3c94965fb7f587c3e",
        "is_secret": false,
        "is_verified": false,
        "line_number": 267,
        "type": "Secret Keyword",
        "verified_result": null
      },
      {
        "hashed_secret": "b732fb611fd46a38e8667f9972e0cde777fbe37f",
        "is_secret": false,
        "is_verified": false,
        "line_number": 273,
        "type": "Secret Keyword",
        "verified_result": null
      }
    ],
    "example/mcp-wx-data/Readme.md": [
      {
        "hashed_secret": "6eae3a5b062c6d0d79f070c26e6d62486b40cb46",
        "is_secret": false,
        "is_verified": false,
        "line_number": 12,
        "type": "Secret Keyword",
        "verified_result": null
      }
    ],
    "example/mcp-wx-data/wx-data-config.json": [
      {
        "hashed_secret": "1f5e25be9b575e9f5d39c82dfd1d9f4d73f1975c",
        "is_secret": false,
        "is_verified": false,
        "line_number": 31,
        "type": "Secret Keyword",
        "verified_result": null
      }
    ],
    "example/mcsp_servers/config_master.json": [
      {
        "hashed_secret": "610c6fbf7bf961f65b1086a45f6717b3b521ed77",
        "is_secret": false,
        "is_verified": false,
        "line_number": 129,
        "type": "Secret Keyword",
        "verified_result": null
      }
    ],
    "example/mcsp_trio_server/mcsp_trio_master.json": [
      {
        "hashed_secret": "1f5e25be9b575e9f5d39c82dfd1d9f4d73f1975c",
        "is_secret": false,
        "is_verified": false,
        "line_number": 24,
        "type": "Secret Keyword",
        "verified_result": null
      }
    ],
    "servers/simple-w3-oauth-server/README.md": [
      {
        "hashed_secret": "1a2fc3034e4c155463286194048df25e99a94929",
        "is_secret": false,
        "is_verified": false,
        "line_number": 17,
        "type": "Secret Keyword",
        "verified_result": null
      }
    ],
    "servers/simple-w3-oauth-server/pyproject.toml": [
      {
        "hashed_secret": "ccdeb8164ea0c7addc4afe467416dba8cb36b1e5",
        "is_secret": false,
        "is_verified": false,
        "line_number": 22,
        "type": "Secret Keyword",
        "verified_result": null
      }
    ],
    "spec/instana-openapi.json": [
      {
        "hashed_secret": "48bde654d259824a0cb2dd3b0e73ca6b983d229e",
        "is_secret": false,
        "is_verified": false,
        "line_number": 193,
        "type": "Secret Keyword",
        "verified_result": null
      },
      {
        "hashed_secret": "a1b25ab2cae1e4bca029340f1f737617bdb4f486",
        "is_secret": false,
        "is_verified": false,
        "line_number": 663,
        "type": "Hex High Entropy String",
        "verified_result": null
      },
      {
        "hashed_secret": "1e364aa9d288bd544b98e8bcbf6ba052dff6e088",
        "is_secret": false,
        "is_verified": false,
        "line_number": 669,
        "type": "Hex High Entropy String",
        "verified_result": null
      },
      {
        "hashed_secret": "06da12cf525a531a0d9343b0448d5f556be0fbcb",
        "is_secret": false,
        "is_verified": false,
        "line_number": 1065,
        "type": "Hex High Entropy String",
        "verified_result": null
      },
      {
        "hashed_secret": "06268858d3e3bc9f078a4587930c67bb848d5e16",
        "is_secret": false,
        "is_verified": false,
        "line_number": 1486,
        "type": "Base64 High Entropy String",
        "verified_result": null
      },
      {
        "hashed_secret": "eebf60da2047a9dbd3f98ac200ab409fad45fb58",
        "is_secret": false,
        "is_verified": false,
        "line_number": 1489,
        "type": "Hex High Entropy String",
        "verified_result": null
      },
      {
        "hashed_secret": "7533bf7aee3051c117db86ee2b6fba61beaf57e6",
        "is_secret": false,
        "is_verified": false,
        "line_number": 1722,
        "type": "Hex High Entropy String",
        "verified_result": null
      },
      {
        "hashed_secret": "732ce6823f5070865467da032cbdb76b88d83fc4",
        "is_secret": false,
        "is_verified": false,
        "line_number": 2553,
        "type": "Hex High Entropy String",
        "verified_result": null
      },
      {
        "hashed_secret": "845b9b8fd142f910f80a63279b707cd0630b517e",
        "is_secret": false,
        "is_verified": false,
        "line_number": 2755,
        "type": "Hex High Entropy String",
        "verified_result": null
      },
      {
        "hashed_secret": "4e58f950f1635ddb993ef918e10eec10b061d1d4",
        "is_secret": false,
        "is_verified": false,
        "line_number": 2856,
        "type": "Hex High Entropy String",
        "verified_result": null
      },
      {
        "hashed_secret": "6ca6fe36fa654e0e2198131693e9f5dab794a445",
        "is_secret": false,
        "is_verified": false,
        "line_number": 2901,
        "type": "Hex High Entropy String",
        "verified_result": null
      },
      {
        "hashed_secret": "6648401863b3c278fb92a3806443452fac367d52",
        "is_secret": false,
        "is_verified": false,
        "line_number": 3179,
        "type": "Hex High Entropy String",
        "verified_result": null
      },
      {
        "hashed_secret": "1e723b9ecfaede9308b62eebdca407fd89d8c6a8",
        "is_secret": false,
        "is_verified": false,
        "line_number": 3657,
        "type": "Hex High Entropy String",
        "verified_result": null
      },
      {
        "hashed_secret": "acaae0b95e43b793517b31134ce28bc6752a3a21",
        "is_secret": false,
        "is_verified": false,
        "line_number": 3666,
        "type": "Hex High Entropy String",
        "verified_result": null
      },
      {
        "hashed_secret": "5ce47f0f09d9454d4557c10a94cb392c8143800f",
        "is_secret": false,
        "is_verified": false,
        "line_number": 3861,
        "type": "Hex High Entropy String",
        "verified_result": null
      },
      {
        "hashed_secret": "cdf5d732c8477d973d64135c79e99fceaa1294df",
        "is_secret": false,
        "is_verified": false,
        "line_number": 3871,
        "type": "Base64 High Entropy String",
        "verified_result": null
      },
      {
        "hashed_secret": "bba08bbdf204561d524797e17341f3e4a5fa30ed",
        "is_secret": false,
        "is_verified": false,
        "line_number": 3881,
        "type": "Hex High Entropy String",
        "verified_result": null
      },
      {
        "hashed_secret": "db9f6b5656bb64a163a43dc6e2398c83063a87ba",
        "is_secret": false,
        "is_verified": false,
        "line_number": 4548,
        "type": "Hex High Entropy String",
        "verified_result": null
      },
      {
        "hashed_secret": "349026e10af89759954d88559a1a949b65c8c15a",
        "is_secret": false,
        "is_verified": false,
        "line_number": 6594,
        "type": "Hex High Entropy String",
        "verified_result": null
      },
      {
        "hashed_secret": "32af262c9c126c5bead816c70c235bfaa4824f04",
        "is_secret": false,
        "is_verified": false,
        "line_number": 7232,
        "type": "Hex High Entropy String",
        "verified_result": null
      },
      {
        "hashed_secret": "f489a3fea8bd755b67ee01c567b241c77f752a25",
        "is_secret": false,
        "is_verified": false,
        "line_number": 7256,
        "type": "Hex High Entropy String",
        "verified_result": null
      },
      {
        "hashed_secret": "6e8ec82a57dd05cca7878ae5586636bc0ab7ed7a",
        "is_secret": false,
        "is_verified": false,
        "line_number": 7880,
        "type": "Base64 High Entropy String",
        "verified_result": null
      },
      {
        "hashed_secret": "1edfd63e4d8fe5b1b75ca89d23be22ee9c53a5d9",
        "is_secret": false,
        "is_verified": false,
        "line_number": 9584,
        "type": "Base64 High Entropy String",
        "verified_result": null
      },
      {
        "hashed_secret": "be56776cfd54dff75899c9843bf3f5116b02f54d",
        "is_secret": false,
        "is_verified": false,
        "line_number": 10253,
        "type": "Base64 High Entropy String",
        "verified_result": null
      },
      {
        "hashed_secret": "8115194353447fb37deefc1aad0bf1f85c3a4abe",
        "is_secret": false,
        "is_verified": false,
        "line_number": 12966,
        "type": "Hex High Entropy String",
        "verified_result": null
      },
      {
        "hashed_secret": "e19abe5a63d0a175054770966979b8fdf305c09c",
        "is_secret": false,
        "is_verified": false,
        "line_number": 15703,
        "type": "Hex High Entropy String",
        "verified_result": null
      },
      {
        "hashed_secret": "da1771d54422cd8f3910d67e615f7fc895d2639e",
        "is_secret": false,
        "is_verified": false,
        "line_number": 17091,
        "type": "Base64 High Entropy String",
        "verified_result": null
      },
      {
        "hashed_secret": "4a98385abcf9575b0c1205eb12f7949152695554",
        "is_secret": false,
        "is_verified": false,
        "line_number": 17092,
        "type": "Base64 High Entropy String",
        "verified_result": null
      },
      {
        "hashed_secret": "4fa500e448bebf962fabc25398ca3cdf95c3d3e2",
        "is_secret": false,
        "is_verified": false,
        "line_number": 17235,
        "type": "Hex High Entropy String",
        "verified_result": null
      },
      {
        "hashed_secret": "72698bbf15a8236701b0eba90959dc2af630ae26",
        "is_secret": false,
        "is_verified": false,
        "line_number": 17728,
        "type": "Hex High Entropy String",
        "verified_result": null
      },
      {
        "hashed_secret": "23db65a58e8717e4f2743b793ea471ad2682cd3d",
        "is_secret": false,
        "is_verified": false,
        "line_number": 17918,
        "type": "Hex High Entropy String",
        "verified_result": null
      },
      {
        "hashed_secret": "2ade82c843923b1daf0bcb3b78c30d457094c600",
        "is_secret": false,
        "is_verified": false,
        "line_number": 18825,
        "type": "Hex High Entropy String",
        "verified_result": null
      },
      {
        "hashed_secret": "b478eb66732ce13bc53add99b5bca2d114857b79",
        "is_secret": false,
        "is_verified": false,
        "line_number": 22310,
        "type": "Base64 High Entropy String",
        "verified_result": null
      },
      {
        "hashed_secret": "1f5e25be9b575e9f5d39c82dfd1d9f4d73f1975c",
        "is_secret": false,
        "is_verified": false,
        "line_number": 23174,
        "type": "Secret Keyword",
        "verified_result": null
      },
      {
        "hashed_secret": "9a65be3f5b49162cd858b845758a474f53bcfbb7",
        "is_secret": false,
        "is_verified": false,
        "line_number": 23185,
        "type": "Hex High Entropy String",
        "verified_result": null
      },
      {
        "hashed_secret": "8c5561e1c370af11c588faf76f402c7b642951f0",
        "is_secret": false,
        "is_verified": false,
        "line_number": 23750,
        "type": "Hex High Entropy String",
        "verified_result": null
      },
      {
        "hashed_secret": "52532bdf83c9562f81e4885d7714a0676bf20ac4",
        "is_secret": false,
        "is_verified": false,
        "line_number": 27864,
        "type": "Hex High Entropy String",
        "verified_result": null
      },
      {
        "hashed_secret": "ff5d81901c67060ae537d6ec0b4530b82da9d081",
        "is_secret": false,
        "is_verified": false,
        "line_number": 27865,
        "type": "Hex High Entropy String",
        "verified_result": null
      },
      {
        "hashed_secret": "150bdef21c0ef3c68b6f37666354a2a0ce6a09f8",
        "is_secret": false,
        "is_verified": false,
        "line_number": 27866,
        "type": "Hex High Entropy String",
        "verified_result": null
      },
      {
        "hashed_secret": "32ad51068db071820a14e36382220ea744b5d354",
        "is_secret": false,
        "is_verified": false,
        "line_number": 27867,
        "type": "Hex High Entropy String",
        "verified_result": null
      },
      {
        "hashed_secret": "3ae2c997d81622e6defa6d8fbb38991e4d418209",
        "is_secret": false,
        "is_verified": false,
        "line_number": 28892,
        "type": "Hex High Entropy String",
        "verified_result": null
      },
      {
        "hashed_secret": "25484aba578352adeb271a213e1330fdd81b8004",
        "is_secret": false,
        "is_verified": false,
        "line_number": 29005,
        "type": "Hex High Entropy String",
        "verified_result": null
      },
      {
        "hashed_secret": "5ebde2eab3f16f0582ebe09617fedfe7a676d2dc",
        "is_secret": false,
        "is_verified": false,
        "line_number": 29043,
        "type": "Hex High Entropy String",
        "verified_result": null
      },
      {
        "hashed_secret": "c158a813270b899f2bda714246c980bb1e6d866d",
        "is_secret": false,
        "is_verified": false,
        "line_number": 29044,
        "type": "Hex High Entropy String",
        "verified_result": null
      },
      {
        "hashed_secret": "b05cfd4bd34ad30651ed8a11ae1f91d7c81631a6",
        "is_secret": false,
        "is_verified": false,
        "line_number": 29045,
        "type": "Hex High Entropy String",
        "verified_result": null
      },
      {
        "hashed_secret": "bdaa49957514368ece0047a908d9b9254ff2d62a",
        "is_secret": false,
        "is_verified": false,
        "line_number": 29046,
        "type": "Hex High Entropy String",
        "verified_result": null
      },
      {
        "hashed_secret": "1e5c2f367f02e47a8c160cda1cd9d91decbac441",
        "is_secret": false,
        "is_verified": false,
        "line_number": 29250,
        "type": "Secret Keyword",
        "verified_result": null
      }
    ],
    "spec/turbo-openapi.json": [
      {
        "hashed_secret": "ee70b7158ad9bd03ba10965320eac97efe88dc2e",
        "is_secret": false,
        "is_verified": false,
        "line_number": 25965,
        "type": "Secret Keyword",
        "verified_result": null
      }
    ],
    "spec/wx-data-openapi.json": [
      {
        "hashed_secret": "42e70e647cbe5c389356f84128e916bc06f732fe",
        "is_secret": false,
        "is_verified": false,
        "line_number": 10198,
        "type": "Secret Keyword",
        "verified_result": null
      },
      {
        "hashed_secret": "d4c3d66fd0c38547a3c7a4c6bdc29c36911bc030",
        "is_secret": false,
        "is_verified": false,
        "line_number": 10899,
        "type": "Secret Keyword",
        "verified_result": null
      },
      {
        "hashed_secret": "ef6901e2bd22b2030070e6be6760601453181653",
        "is_secret": false,
        "is_verified": false,
        "line_number": 10927,
        "type": "Secret Keyword",
        "verified_result": null
      },
      {
        "hashed_secret": "85804c4ad4105d3bc43ae6e7b63627e0d4b878eb",
        "is_secret": false,
        "is_verified": false,
        "line_number": 10937,
        "type": "Secret Keyword",
        "verified_result": null
      },
      {
        "hashed_secret": "b5d33d0cff1946ef27ea5b39afd5ae8b2649dabe",
        "is_secret": false,
        "is_verified": false,
        "line_number": 10938,
        "type": "Secret Keyword",
        "verified_result": null
      },
      {
        "hashed_secret": "5ce863cc899c9d0e5801793cb73d848d77938933",
        "is_secret": false,
        "is_verified": false,
        "line_number": 21959,
        "type": "Secret Keyword",
        "verified_result": null
      },
      {
        "hashed_secret": "e93e51da3a351b17bbc8407cc0a8590bfb2bf36c",
        "is_secret": false,
        "is_verified": false,
        "line_number": 27004,
        "type": "Base64 High Entropy String",
        "verified_result": null
      },
      {
        "hashed_secret": "122016f161030aeba6cecdb8cbe3eb5b10a9c65d",
        "is_secret": false,
        "is_verified": false,
        "line_number": 34352,
        "type": "Secret Keyword",
        "verified_result": null
      },
      {
        "hashed_secret": "5baa61e4c9b93f3f0682250b6cf8331b7ee68fd8",
        "is_secret": false,
        "is_verified": false,
        "line_number": 35124,
        "type": "Basic Auth Credentials",
        "verified_result": null
      },
      {
        "hashed_secret": "a227371accd46a80bcacc4e0713821ca64afa414",
        "is_secret": false,
        "is_verified": false,
        "line_number": 36140,
        "type": "Secret Keyword",
        "verified_result": null
      },
      {
        "hashed_secret": "c7103b7232c3d6416535971b04c5ed25c4f19c98",
        "is_secret": false,
        "is_verified": false,
        "line_number": 36315,
        "type": "Secret Keyword",
        "verified_result": null
      },
      {
        "hashed_secret": "fb8c5c24ed82c8b7d7d001a846c04aa5c8a433ef",
        "is_secret": false,
        "is_verified": false,
        "line_number": 39937,
        "type": "Hex High Entropy String",
        "verified_result": null
      }
    ],
    "src/mcp_composer/utils/validator.py": [
      {
        "hashed_secret": "66a36e77fd002579809717841f998f4d21cd5913",
        "is_secret": false,
        "is_verified": false,
        "line_number": 11,
        "type": "Secret Keyword",
        "verified_result": null
      },
      {
        "hashed_secret": "a603075604516de626cda903868e457fad826533",
        "is_secret": false,
        "is_verified": false,
        "line_number": 45,
        "type": "Secret Keyword",
        "verified_result": null
      },
      {
        "hashed_secret": "d4c3d66fd0c38547a3c7a4c6bdc29c36911bc030",
        "is_secret": false,
        "is_verified": false,
        "line_number": 46,
        "type": "Secret Keyword",
        "verified_result": null
      }
    ]
  },
  "version": "0.13.1+ibm.61.dss",
  "word_list": {
    "file": null,
    "hash": null
  }
}
